../Drivers/CMSIS/Include/core_cm3.h:1762:34:__NVIC_SystemReset	0	static,ignoring_inline_asm
../Core/Src/main.c:360:6:NVIC_Config	8	static
../Core/Src/main.c:607:6:Error_Handler	16	static,ignoring_inline_asm
../Core/Src/main.c:324:6:SystemClock_Config	72	static
../Core/Src/main.c:365:6:canMsgWrite	16	static
../Core/Src/main.c:434:6:EraseFlashMemory	32	static
../Core/Src/main.c:454:6:StartFirmwareUpdate	16	static
../Core/Src/main.c:380:6:ProcessFirmwareMeta	24	static
../Core/Src/main.c:408:6:HAL_CAN_RxFifo0MsgPendingCallback	48	static
../Core/Src/main.c:468:10:bootVerifyUpdate	160	static
../Core/Src/main.c:495:6:FirmwareUpdateStateMachine	88	static
../Core/Src/main.c:204:5:main	56	static
