Archive member included to satisfy reference by file (symbol)

C:/Users/USER/STM32CubeIDE_1.17.0/STM32CubeIDE/plugins/com.st.stm32cube.ide.mcu.externaltools.gnu-tools-for-stm32.12.3.rel1.win32_1.1.0.202410251130/tools/bin/../lib/gcc/arm-none-eabi/12.3.1/../../../../arm-none-eabi/lib/thumb/v7-m/nofp\libc_nano.a(libc_a-exit.o)
                              C:/Users/USER/STM32CubeIDE_1.17.0/STM32CubeIDE/plugins/com.st.stm32cube.ide.mcu.externaltools.gnu-tools-for-stm32.12.3.rel1.win32_1.1.0.202410251130/tools/bin/../lib/gcc/arm-none-eabi/12.3.1/../../../../arm-none-eabi/lib/thumb/v7-m/nofp/crt0.o (exit)
C:/Users/USER/STM32CubeIDE_1.17.0/STM32CubeIDE/plugins/com.st.stm32cube.ide.mcu.externaltools.gnu-tools-for-stm32.12.3.rel1.win32_1.1.0.202410251130/tools/bin/../lib/gcc/arm-none-eabi/12.3.1/../../../../arm-none-eabi/lib/thumb/v7-m/nofp\libc_nano.a(libc_a-findfp.o)
                              C:/Users/USER/STM32CubeIDE_1.17.0/STM32CubeIDE/plugins/com.st.stm32cube.ide.mcu.externaltools.gnu-tools-for-stm32.12.3.rel1.win32_1.1.0.202410251130/tools/bin/../lib/gcc/arm-none-eabi/12.3.1/../../../../arm-none-eabi/lib/thumb/v7-m/nofp\libc_nano.a(libc_a-exit.o) (__stdio_exit_handler)
C:/Users/USER/STM32CubeIDE_1.17.0/STM32CubeIDE/plugins/com.st.stm32cube.ide.mcu.externaltools.gnu-tools-for-stm32.12.3.rel1.win32_1.1.0.202410251130/tools/bin/../lib/gcc/arm-none-eabi/12.3.1/../../../../arm-none-eabi/lib/thumb/v7-m/nofp\libc_nano.a(libc_a-fwalk.o)
                              C:/Users/USER/STM32CubeIDE_1.17.0/STM32CubeIDE/plugins/com.st.stm32cube.ide.mcu.externaltools.gnu-tools-for-stm32.12.3.rel1.win32_1.1.0.202410251130/tools/bin/../lib/gcc/arm-none-eabi/12.3.1/../../../../arm-none-eabi/lib/thumb/v7-m/nofp\libc_nano.a(libc_a-findfp.o) (_fwalk_sglue)
C:/Users/USER/STM32CubeIDE_1.17.0/STM32CubeIDE/plugins/com.st.stm32cube.ide.mcu.externaltools.gnu-tools-for-stm32.12.3.rel1.win32_1.1.0.202410251130/tools/bin/../lib/gcc/arm-none-eabi/12.3.1/../../../../arm-none-eabi/lib/thumb/v7-m/nofp\libc_nano.a(libc_a-stdio.o)
                              C:/Users/USER/STM32CubeIDE_1.17.0/STM32CubeIDE/plugins/com.st.stm32cube.ide.mcu.externaltools.gnu-tools-for-stm32.12.3.rel1.win32_1.1.0.202410251130/tools/bin/../lib/gcc/arm-none-eabi/12.3.1/../../../../arm-none-eabi/lib/thumb/v7-m/nofp\libc_nano.a(libc_a-findfp.o) (__sread)
C:/Users/USER/STM32CubeIDE_1.17.0/STM32CubeIDE/plugins/com.st.stm32cube.ide.mcu.externaltools.gnu-tools-for-stm32.12.3.rel1.win32_1.1.0.202410251130/tools/bin/../lib/gcc/arm-none-eabi/12.3.1/../../../../arm-none-eabi/lib/thumb/v7-m/nofp\libc_nano.a(libc_a-memset.o)
                              C:/Users/USER/STM32CubeIDE_1.17.0/STM32CubeIDE/plugins/com.st.stm32cube.ide.mcu.externaltools.gnu-tools-for-stm32.12.3.rel1.win32_1.1.0.202410251130/tools/bin/../lib/gcc/arm-none-eabi/12.3.1/../../../../arm-none-eabi/lib/thumb/v7-m/nofp/crt0.o (memset)
C:/Users/USER/STM32CubeIDE_1.17.0/STM32CubeIDE/plugins/com.st.stm32cube.ide.mcu.externaltools.gnu-tools-for-stm32.12.3.rel1.win32_1.1.0.202410251130/tools/bin/../lib/gcc/arm-none-eabi/12.3.1/../../../../arm-none-eabi/lib/thumb/v7-m/nofp\libc_nano.a(libc_a-closer.o)
                              C:/Users/USER/STM32CubeIDE_1.17.0/STM32CubeIDE/plugins/com.st.stm32cube.ide.mcu.externaltools.gnu-tools-for-stm32.12.3.rel1.win32_1.1.0.202410251130/tools/bin/../lib/gcc/arm-none-eabi/12.3.1/../../../../arm-none-eabi/lib/thumb/v7-m/nofp\libc_nano.a(libc_a-stdio.o) (_close_r)
C:/Users/USER/STM32CubeIDE_1.17.0/STM32CubeIDE/plugins/com.st.stm32cube.ide.mcu.externaltools.gnu-tools-for-stm32.12.3.rel1.win32_1.1.0.202410251130/tools/bin/../lib/gcc/arm-none-eabi/12.3.1/../../../../arm-none-eabi/lib/thumb/v7-m/nofp\libc_nano.a(libc_a-reent.o)
                              C:/Users/USER/STM32CubeIDE_1.17.0/STM32CubeIDE/plugins/com.st.stm32cube.ide.mcu.externaltools.gnu-tools-for-stm32.12.3.rel1.win32_1.1.0.202410251130/tools/bin/../lib/gcc/arm-none-eabi/12.3.1/../../../../arm-none-eabi/lib/thumb/v7-m/nofp\libc_nano.a(libc_a-closer.o) (errno)
C:/Users/USER/STM32CubeIDE_1.17.0/STM32CubeIDE/plugins/com.st.stm32cube.ide.mcu.externaltools.gnu-tools-for-stm32.12.3.rel1.win32_1.1.0.202410251130/tools/bin/../lib/gcc/arm-none-eabi/12.3.1/../../../../arm-none-eabi/lib/thumb/v7-m/nofp\libc_nano.a(libc_a-impure.o)
                              C:/Users/USER/STM32CubeIDE_1.17.0/STM32CubeIDE/plugins/com.st.stm32cube.ide.mcu.externaltools.gnu-tools-for-stm32.12.3.rel1.win32_1.1.0.202410251130/tools/bin/../lib/gcc/arm-none-eabi/12.3.1/../../../../arm-none-eabi/lib/thumb/v7-m/nofp\libc_nano.a(libc_a-reent.o) (_impure_ptr)
C:/Users/USER/STM32CubeIDE_1.17.0/STM32CubeIDE/plugins/com.st.stm32cube.ide.mcu.externaltools.gnu-tools-for-stm32.12.3.rel1.win32_1.1.0.202410251130/tools/bin/../lib/gcc/arm-none-eabi/12.3.1/../../../../arm-none-eabi/lib/thumb/v7-m/nofp\libc_nano.a(libc_a-lseekr.o)
[...]
Memory Configuration

Name             Origin             Length             Attributes
RAM              0x20000000         0x00005000         xrw
FLASH            0x08008400         0x0000bc00         xrw
*default*        0x00000000         0xffffffff

Linker script and memory map

LOAD C:/Users/USER/STM32CubeIDE_1.17.0/STM32CubeIDE/plugins/com.st.stm32cube.ide.mcu.externaltools.gnu-tools-for-stm32.12.3.rel1.win32_1.1.0.202410251130/tools/bin/../lib/gcc/arm-none-eabi/12.3.1/thumb/v7-m/nofp/crti.o
LOAD C:/Users/USER/STM32CubeIDE_1.17.0/STM32CubeIDE/plugins/com.st.stm32cube.ide.mcu.externaltools.gnu-tools-for-stm32.12.3.rel1.win32_1.1.0.202410251130/tools/bin/../lib/gcc/arm-none-eabi/12.3.1/thumb/v7-m/nofp/crtbegin.o
LOAD C:/Users/USER/STM32CubeIDE_1.17.0/STM32CubeIDE/plugins/com.st.stm32cube.ide.mcu.externaltools.gnu-tools-for-stm32.12.3.rel1.win32_1.1.0.202410251130/tools/bin/../lib/gcc/arm-none-eabi/12.3.1/../../../../arm-none-eabi/lib/thumb/v7-m/nofp/crt0.o
LOAD ./Core/Src/can.o
LOAD ./Core/Src/dma.o
LOAD ./Core/Src/flash.o
LOAD ./Core/Src/gpio.o
LOAD ./Core/Src/light.o
LOAD ./Core/Src/main.o
LOAD ./Core/Src/message.o
LOAD ./Core/Src/stm32f1xx_hal_msp.o
LOAD ./Core/Src/stm32f1xx_it.o
LOAD ./Core/Src/syscalls.o
LOAD ./Core/Src/sysmem.o
LOAD ./Core/Src/system_stm32f1xx.o
LOAD ./Core/Src/tim.o
LOAD ./Core/Src/usart.o
LOAD ./Core/Startup/startup_stm32f103rbtx.o
LOAD ./Drivers/STM32F1xx_HAL_Driver/Src/stm32f1xx_hal.o
LOAD ./Drivers/STM32F1xx_HAL_Driver/Src/stm32f1xx_hal_can.o
LOAD ./Drivers/STM32F1xx_HAL_Driver/Src/stm32f1xx_hal_cortex.o
LOAD ./Drivers/STM32F1xx_HAL_Driver/Src/stm32f1xx_hal_dma.o
LOAD ./Drivers/STM32F1xx_HAL_Driver/Src/stm32f1xx_hal_exti.o
LOAD ./Drivers/STM32F1xx_HAL_Driver/Src/stm32f1xx_hal_flash.o
LOAD ./Drivers/STM32F1xx_HAL_Driver/Src/stm32f1xx_hal_flash_ex.o
LOAD ./Drivers/STM32F1xx_HAL_Driver/Src/stm32f1xx_hal_gpio.o
LOAD ./Drivers/STM32F1xx_HAL_Driver/Src/stm32f1xx_hal_gpio_ex.o
LOAD ./Drivers/STM32F1xx_HAL_Driver/Src/stm32f1xx_hal_pwr.o
LOAD ./Drivers/STM32F1xx_HAL_Driver/Src/stm32f1xx_hal_rcc.o
LOAD ./Drivers/STM32F1xx_HAL_Driver/Src/stm32f1xx_hal_rcc_ex.o
LOAD ./Drivers/STM32F1xx_HAL_Driver/Src/stm32f1xx_hal_tim.o
LOAD ./Drivers/STM32F1xx_HAL_Driver/Src/stm32f1xx_hal_tim_ex.o
LOAD ./Drivers/STM32F1xx_HAL_Driver/Src/stm32f1xx_hal_uart.o
START GROUP
LOAD C:/Users/USER/STM32CubeIDE_1.17.0/STM32CubeIDE/plugins/com.st.stm32cube.ide.mcu.externaltools.gnu-tools-for-stm32.12.3.rel1.win32_1.1.0.202410251130/tools/bin/../lib/gcc/arm-none-eabi/12.3.1/../../../../arm-none-eabi/lib/thumb/v7-m/nofp\libc_nano.a
LOAD C:/Users/USER/STM32CubeIDE_1.17.0/STM32CubeIDE/plugins/com.st.stm32cube.ide.mcu.externaltools.gnu-tools-for-stm32.12.3.rel1.win32_1.1.0.202410251130/tools/bin/../lib/gcc/arm-none-eabi/12.3.1/../../../../arm-none-eabi/lib/thumb/v7-m/nofp\libm.a
END GROUP
START GROUP
LOAD C:/Users/USER/STM32CubeIDE_1.17.0/STM32CubeIDE/plugins/com.st.stm32cube.ide.mcu.externaltools.gnu-tools-for-stm32.12.3.rel1.win32_1.1.0.202410251130/tools/bin/../lib/gcc/arm-none-eabi/12.3.1/thumb/v7-m/nofp\libgcc.a
LOAD C:/Users/USER/STM32CubeIDE_1.17.0/STM32CubeIDE/plugins/com.st.stm32cube.ide.mcu.externaltools.gnu-tools-for-stm32.12.3.rel1.win32_1.1.0.202410251130/tools/bin/../lib/gcc/arm-none-eabi/12.3.1/../../../../arm-none-eabi/lib/thumb/v7-m/nofp\libc_nano.a
END GROUP
START GROUP
LOAD C:/Users/USER/STM32CubeIDE_1.17.0/STM32CubeIDE/plugins/com.st.stm32cube.ide.mcu.externaltools.gnu-tools-for-stm32.12.3.rel1.win32_1.1.0.202410251130/tools/bin/../lib/gcc/arm-none-eabi/12.3.1/thumb/v7-m/nofp\libgcc.a
LOAD C:/Users/USER/STM32CubeIDE_1.17.0/STM32CubeIDE/plugins/com.st.stm32cube.ide.mcu.externaltools.gnu-tools-for-stm32.12.3.rel1.win32_1.1.0.202410251130/tools/bin/../lib/gcc/arm-none-eabi/12.3.1/../../../../arm-none-eabi/lib/thumb/v7-m/nofp\libc_nano.a
LOAD C:/Users/USER/STM32CubeIDE_1.17.0/STM32CubeIDE/plugins/com.st.stm32cube.ide.mcu.externaltools.gnu-tools-for-stm32.12.3.rel1.win32_1.1.0.202410251130/tools/bin/../lib/gcc/arm-none-eabi/12.3.1/../../../../arm-none-eabi/lib/thumb/v7-m/nofp\libnosys.a
END GROUP
START GROUP
LOAD C:/Users/USER/STM32CubeIDE_1.17.0/STM32CubeIDE/plugins/com.st.stm32cube.ide.mcu.externaltools.gnu-tools-for-stm32.12.3.rel1.win32_1.1.0.202410251130/tools/bin/../lib/gcc/arm-none-eabi/12.3.1/thumb/v7-m/nofp\libgcc.a
LOAD C:/Users/USER/STM32CubeIDE_1.17.0/STM32CubeIDE/plugins/com.st.stm32cube.ide.mcu.externaltools.gnu-tools-for-stm32.12.3.rel1.win32_1.1.0.202410251130/tools/bin/../lib/gcc/arm-none-eabi/12.3.1/../../../../arm-none-eabi/lib/thumb/v7-m/nofp\libc_nano.a
LOAD C:/Users/USER/STM32CubeIDE_1.17.0/STM32CubeIDE/plugins/com.st.stm32cube.ide.mcu.externaltools.gnu-tools-for-stm32.12.3.rel1.win32_1.1.0.202410251130/tools/bin/../lib/gcc/arm-none-eabi/12.3.1/../../../../arm-none-eabi/lib/thumb/v7-m/nofp\libnosys.a
END GROUP
LOAD C:/Users/USER/STM32CubeIDE_1.17.0/STM32CubeIDE/plugins/com.st.stm32cube.ide.mcu.externaltools.gnu-tools-for-stm32.12.3.rel1.win32_1.1.0.202410251130/tools/bin/../lib/gcc/arm-none-eabi/12.3.1/thumb/v7-m/nofp/crtend.o
LOAD C:/Users/USER/STM32CubeIDE_1.17.0/STM32CubeIDE/plugins/com.st.stm32cube.ide.mcu.externaltools.gnu-tools-for-stm32.12.3.rel1.win32_1.1.0.202410251130/tools/bin/../lib/gcc/arm-none-eabi/12.3.1/thumb/v7-m/nofp/crtn.o
                0x20005000                        _estack = (ORIGIN (RAM) + LENGTH (RAM))
                0x00000200                        _Min_Heap_Size = 0x200
                0x00000400                        _Min_Stack_Size = 0x400

.isr_vector     0x08008400      0x10c
                0x08008400                        . = ALIGN (0x4)
 *(.isr_vector)
 .isr_vector    0x08008400      0x10c ./Core/Startup/startup_stm32f103rbtx.o
                0x08008400                g_pfnVectors
                0x0800850c                        . = ALIGN (0x4)

.text           0x0800850c     0x3148
                0x0800850c                        . = ALIGN (0x4)
 *(.text)
 .text          0x0800850c       0x40 C:/Users/USER/STM32CubeIDE_1.17.0/STM32CubeIDE/plugins/com.st.stm32cube.ide.mcu.externaltools.gnu-tools-for-stm32.12.3.rel1.win32_1.1.0.202410251130/tools/bin/../lib/gcc/arm-none-eabi/12.3.1/thumb/v7-m/nofp/crtbegin.o
 *(.text*)
 .text.MX_CAN_Init
                0x0800854c       0x50 ./Core/Src/can.o
                0x0800854c                MX_CAN_Init
 .text.HAL_CAN_MspInit
                0x0800859c       0x80 ./Core/Src/can.o
                0x0800859c                HAL_CAN_MspInit
 .text.MX_DMA_Init
                0x0800861c       0x50 ./Core/Src/dma.o
                0x0800861c                MX_DMA_Init
 .text.flashInit
                0x0800866c       0x28 ./Core/Src/flash.o
                0x0800866c                flashInit
 .text.flashErase
                0x08008694       0x9c ./Core/Src/flash.o
                0x08008694                flashErase
 .text.flashWrite
                0x08008730       0x48 ./Core/Src/flash.o
                0x08008730                flashWrite
 .text.flashRead
                0x08008778       0x10 ./Core/Src/flash.o
                0x08008778                flashRead
 .text.MX_GPIO_Init
                0x08008788      0x100 ./Core/Src/gpio.o
                0x08008788                MX_GPIO_Init
 .text.ws2812_set_lowbeam_colors
                0x08008888      0x154 ./Core/Src/light.o
                0x08008888                ws2812_set_lowbeam_colors
 .text.ws2812_set_highbeam_colors
                0x080089dc       0xac ./Core/Src/light.o
                0x080089dc                ws2812_set_highbeam_colors
 .text.ws2812_show
                0x08008a88       0x50 ./Core/Src/light.o
                0x08008a88                ws2812_show
 .text.set_lowbeam
                0x08008ad8       0x38 ./Core/Src/light.o
                0x08008ad8                set_lowbeam
 .text.set_highbeam
                0x08008b10       0x28 ./Core/Src/light.o
                0x08008b10                set_highbeam
 .text.ws2812_scroll_init
                0x08008b38       0x74 ./Core/Src/light.o
                0x08008b38                ws2812_scroll_init
 .text.light_init
                0x08008bac       0x46 ./Core/Src/light.o
                0x08008bac                light_init
 *fill*         0x08008bf2        0x2 
 .text.low_beam_power_control
                0x08008bf4       0x88 ./Core/Src/light.o
                0x08008bf4                low_beam_power_control
 .text.rainroad_mode_change
                0x08008c7c       0x88 ./Core/Src/light.o
                0x08008c7c                rainroad_mode_change
 .text.high_beam_power_control
                0x08008d04       0x88 ./Core/Src/light.o
                0x08008d04                high_beam_power_control
 .text.foglight_power_control
                0x08008d8c       0x94 ./Core/Src/light.o
                0x08008d8c                foglight_power_control
 .text.cornerlight_power_control
                0x08008e20      0x130 ./Core/Src/light.o
                0x08008e20                cornerlight_power_control
 .text.change_light
                0x08008f50       0x26 ./Core/Src/light.o
                0x08008f50                change_light
 *fill*         0x08008f76        0x2 
 .text.__NVIC_SystemReset
                0x08008f78       0x24 ./Core/Src/main.o
 .text.NVIC_Config
                0x08008f9c       0x16 ./Core/Src/main.o
                0x08008f9c                NVIC_Config
 *fill*         0x08008fb2        0x2 
 .text.Error_Handler
                0x08008fb4       0x4c ./Core/Src/main.o
                0x08008fb4                Error_Handler
 .text.SystemClock_Config
                0x08009000       0x58 ./Core/Src/main.o
                0x08009000                SystemClock_Config
 .text.canMsgWrite
                0x08009058       0x3c ./Core/Src/main.o
                0x08009058                canMsgWrite
 .text.EraseFlashMemory
                0x08009094       0x4c ./Core/Src/main.o
                0x08009094                EraseFlashMemory
 .text.StartFirmwareUpdate
                0x080090e0       0x40 ./Core/Src/main.o
                0x080090e0                StartFirmwareUpdate
 .text.ProcessFirmwareMeta
                0x08009120       0x68 ./Core/Src/main.o
                0x08009120                ProcessFirmwareMeta
 .text.HAL_CAN_RxFifo0MsgPendingCallback
                0x08009188       0x88 ./Core/Src/main.o
                0x08009188                HAL_CAN_RxFifo0MsgPendingCallback
 .text.bootVerifyUpdate
                0x08009210       0x74 ./Core/Src/main.o
                0x08009210                bootVerifyUpdate
 .text.FirmwareUpdateStateMachine
                0x08009284      0x1d0 ./Core/Src/main.o
                0x08009284                FirmwareUpdateStateMachine
 .text.startup.main
                0x08009454      0x100 ./Core/Src/main.o
                0x08009454                main
 .text.MessageBufferIsFull
                0x08009554       0x2c ./Core/Src/message.o
                0x08009554                MessageBufferIsFull
 .text.MessageBufferFlush
                0x08009580       0x14 ./Core/Src/message.o
                0x08009580                MessageBufferFlush
 .text.MessageBufferIsEmpty
                0x08009594       0x1c ./Core/Src/message.o
                0x08009594                MessageBufferIsEmpty
 .text.MessageBufferPut
                0x080095b0       0x50 ./Core/Src/message.o
                0x080095b0                MessageBufferPut
 .text.MessageBufferGet
                0x08009600       0x50 ./Core/Src/message.o
                0x08009600                MessageBufferGet
 .text.HAL_MspInit
                0x08009650       0x44 ./Core/Src/stm32f1xx_hal_msp.o
                0x08009650                HAL_MspInit
 .text.NMI_Handler
                0x08009694        0x2 ./Core/Src/stm32f1xx_it.o
                0x08009694                NMI_Handler
 .text.HardFault_Handler
                0x08009696        0x2 ./Core/Src/stm32f1xx_it.o
                0x08009696                HardFault_Handler
 .text.MemManage_Handler
                0x08009698        0x2 ./Core/Src/stm32f1xx_it.o
                0x08009698                MemManage_Handler
 .text.BusFault_Handler
                0x0800969a        0x2 ./Core/Src/stm32f1xx_it.o
                0x0800969a                BusFault_Handler
 .text.UsageFault_Handler
                0x0800969c        0x2 ./Core/Src/stm32f1xx_it.o
                0x0800969c                UsageFault_Handler
 .text.SVC_Handler
                0x0800969e        0x2 ./Core/Src/stm32f1xx_it.o
                0x0800969e                SVC_Handler
 .text.DebugMon_Handler
                0x080096a0        0x2 ./Core/Src/stm32f1xx_it.o
                0x080096a0                DebugMon_Handler
 .text.PendSV_Handler
                0x080096a2        0x2 ./Core/Src/stm32f1xx_it.o
                0x080096a2                PendSV_Handler
 .text.SysTick_Handler
                0x080096a4        0x4 ./Core/Src/stm32f1xx_it.o
                0x080096a4                SysTick_Handler
 .text.DMA1_Channel3_IRQHandler
                0x080096a8        0xc ./Core/Src/stm32f1xx_it.o
                0x080096a8                DMA1_Channel3_IRQHandler
 .text.DMA1_Channel6_IRQHandler
                0x080096b4        0xc ./Core/Src/stm32f1xx_it.o
                0x080096b4                DMA1_Channel6_IRQHandler
 .text.DMA1_Channel7_IRQHandler
                0x080096c0        0xc ./Core/Src/stm32f1xx_it.o
                0x080096c0                DMA1_Channel7_IRQHandler
 .text.USB_LP_CAN1_RX0_IRQHandler
                0x080096cc        0xc ./Core/Src/stm32f1xx_it.o
                0x080096cc                USB_LP_CAN1_RX0_IRQHandler
 .text.EXTI15_10_IRQHandler
                0x080096d8        0x8 ./Core/Src/stm32f1xx_it.o
                0x080096d8                EXTI15_10_IRQHandler
 .text.SystemInit
                0x080096e0       0x10 ./Core/Src/system_stm32f1xx.o
                0x080096e0                SystemInit
 .text.HAL_TIM_PWM_MspInit
                0x080096f0      0x12c ./Core/Src/tim.o
                0x080096f0                HAL_TIM_PWM_MspInit
 .text.HAL_TIM_MspPostInit
                0x0800981c       0xe0 ./Core/Src/tim.o
                0x0800981c                HAL_TIM_MspPostInit
 .text.MX_TIM1_Init
                0x080098fc       0xa4 ./Core/Src/tim.o
                0x080098fc                MX_TIM1_Init
 .text.MX_TIM2_Init
                0x080099a0       0x70 ./Core/Src/tim.o
                0x080099a0                MX_TIM2_Init
 .text.MX_TIM3_Init
                0x08009a10       0x94 ./Core/Src/tim.o
                0x08009a10                MX_TIM3_Init
 .text.MX_USART2_UART_Init
                0x08009aa4       0x38 ./Core/Src/usart.o
                0x08009aa4                MX_USART2_UART_Init
 .text.HAL_UART_MspInit
                0x08009adc       0x60 ./Core/Src/usart.o
                0x08009adc                HAL_UART_MspInit
 .text.Reset_Handler
                0x08009b3c       0x48 ./Core/Startup/startup_stm32f103rbtx.o
                0x08009b3c                Reset_Handler
 .text.Default_Handler
                0x08009b84        0x2 ./Core/Startup/startup_stm32f103rbtx.o
                0x08009b84                RTC_Alarm_IRQHandler
                0x08009b84                EXTI2_IRQHandler
                0x08009b84                TIM1_CC_IRQHandler
                0x08009b84                PVD_IRQHandler
                0x08009b84                EXTI3_IRQHandler
                0x08009b84                EXTI0_IRQHandler
                0x08009b84                I2C2_EV_IRQHandler
                0x08009b84                ADC1_2_IRQHandler
                0x08009b84                SPI1_IRQHandler
                0x08009b84                TAMPER_IRQHandler
                0x08009b84                DMA1_Channel4_IRQHandler
                0x08009b84                USART3_IRQHandler
                0x08009b84                RTC_IRQHandler
                0x08009b84                CAN1_RX1_IRQHandler
                0x08009b84                TIM4_IRQHandler
                0x08009b84                I2C1_EV_IRQHandler
                0x08009b84                TIM3_IRQHandler
                0x08009b84                RCC_IRQHandler
                0x08009b84                TIM1_TRG_COM_IRQHandler
                0x08009b84                DMA1_Channel1_IRQHandler
                0x08009b84                Default_Handler
                0x08009b84                EXTI9_5_IRQHandler
                0x08009b84                SPI2_IRQHandler
                0x08009b84                DMA1_Channel5_IRQHandler
                0x08009b84                EXTI4_IRQHandler
                0x08009b84                USB_HP_CAN1_TX_IRQHandler
                0x08009b84                TIM1_UP_IRQHandler
                0x08009b84                WWDG_IRQHandler
                0x08009b84                TIM2_IRQHandler
                0x08009b84                TIM1_BRK_IRQHandler
                0x08009b84                EXTI1_IRQHandler
                0x08009b84                USART2_IRQHandler
                0x08009b84                I2C2_ER_IRQHandler
                0x08009b84                DMA1_Channel2_IRQHandler
                0x08009b84                CAN1_SCE_IRQHandler
                0x08009b84                FLASH_IRQHandler
                0x08009b84                USART1_IRQHandler
                0x08009b84                I2C1_ER_IRQHandler
                0x08009b84                USBWakeUp_IRQHandler
 *fill*         0x08009b86        0x2 
 .text.HAL_InitTick
                0x08009b88       0x48 ./Drivers/STM32F1xx_HAL_Driver/Src/stm32f1xx_hal.o
                0x08009b88                HAL_InitTick
 .text.HAL_Init
                0x08009bd0       0x24 ./Drivers/STM32F1xx_HAL_Driver/Src/stm32f1xx_hal.o
                0x08009bd0                HAL_Init
 .text.HAL_IncTick
                0x08009bf4       0x18 ./Drivers/STM32F1xx_HAL_Driver/Src/stm32f1xx_hal.o
                0x08009bf4                HAL_IncTick
 .text.HAL_GetTick
                0x08009c0c        0xc ./Drivers/STM32F1xx_HAL_Driver/Src/stm32f1xx_hal.o
                0x08009c0c                HAL_GetTick
 .text.HAL_Delay
                0x08009c18       0x24 ./Drivers/STM32F1xx_HAL_Driver/Src/stm32f1xx_hal.o
                0x08009c18                HAL_Delay
 .text.HAL_CAN_Init
                0x08009c3c       0xf6 ./Drivers/STM32F1xx_HAL_Driver/Src/stm32f1xx_hal_can.o
                0x08009c3c                HAL_CAN_Init
 .text.HAL_CAN_ConfigFilter
                0x08009d32       0xe0 ./Drivers/STM32F1xx_HAL_Driver/Src/stm32f1xx_hal_can.o
                0x08009d32                HAL_CAN_ConfigFilter
 .text.HAL_CAN_Start
                0x08009e12       0x56 ./Drivers/STM32F1xx_HAL_Driver/Src/stm32f1xx_hal_can.o
                0x08009e12                HAL_CAN_Start
 .text.HAL_CAN_AddTxMessage
                0x08009e68       0x92 ./Drivers/STM32F1xx_HAL_Driver/Src/stm32f1xx_hal_can.o
                0x08009e68                HAL_CAN_AddTxMessage
 .text.HAL_CAN_IsTxMessagePending
                0x08009efa       0x22 ./Drivers/STM32F1xx_HAL_Driver/Src/stm32f1xx_hal_can.o
                0x08009efa                HAL_CAN_IsTxMessagePending
 .text.HAL_CAN_GetRxMessage
                0x08009f1c       0xf8 ./Drivers/STM32F1xx_HAL_Driver/Src/stm32f1xx_hal_can.o
                0x08009f1c                HAL_CAN_GetRxMessage
 .text.HAL_CAN_ActivateNotification
                0x0800a014       0x22 ./Drivers/STM32F1xx_HAL_Driver/Src/stm32f1xx_hal_can.o
                0x0800a014                HAL_CAN_ActivateNotification
 .text.HAL_CAN_TxMailbox0CompleteCallback
                0x0800a036        0x2 ./Drivers/STM32F1xx_HAL_Driver/Src/stm32f1xx_hal_can.o
                0x0800a036                HAL_CAN_TxMailbox0CompleteCallback
 .text.HAL_CAN_TxMailbox1CompleteCallback
                0x0800a038        0x2 ./Drivers/STM32F1xx_HAL_Driver/Src/stm32f1xx_hal_can.o
                0x0800a038                HAL_CAN_TxMailbox1CompleteCallback
 .text.HAL_CAN_TxMailbox2CompleteCallback
                0x0800a03a        0x2 ./Drivers/STM32F1xx_HAL_Driver/Src/stm32f1xx_hal_can.o
                0x0800a03a                HAL_CAN_TxMailbox2CompleteCallback
 .text.HAL_CAN_TxMailbox0AbortCallback
                0x0800a03c        0x2 ./Drivers/STM32F1xx_HAL_Driver/Src/stm32f1xx_hal_can.o
                0x0800a03c                HAL_CAN_TxMailbox0AbortCallback
 .text.HAL_CAN_TxMailbox1AbortCallback
                0x0800a03e        0x2 ./Drivers/STM32F1xx_HAL_Driver/Src/stm32f1xx_hal_can.o
                0x0800a03e                HAL_CAN_TxMailbox1AbortCallback
 .text.HAL_CAN_TxMailbox2AbortCallback
                0x0800a040        0x2 ./Drivers/STM32F1xx_HAL_Driver/Src/stm32f1xx_hal_can.o
                0x0800a040                HAL_CAN_TxMailbox2AbortCallback
 .text.HAL_CAN_RxFifo0FullCallback
                0x0800a042        0x2 ./Drivers/STM32F1xx_HAL_Driver/Src/stm32f1xx_hal_can.o
                0x0800a042                HAL_CAN_RxFifo0FullCallback
 .text.HAL_CAN_RxFifo1MsgPendingCallback
                0x0800a044        0x2 ./Drivers/STM32F1xx_HAL_Driver/Src/stm32f1xx_hal_can.o
                0x0800a044                HAL_CAN_RxFifo1MsgPendingCallback
 .text.HAL_CAN_RxFifo1FullCallback
                0x0800a046        0x2 ./Drivers/STM32F1xx_HAL_Driver/Src/stm32f1xx_hal_can.o
                0x0800a046                HAL_CAN_RxFifo1FullCallback
 .text.HAL_CAN_SleepCallback
                0x0800a048        0x2 ./Drivers/STM32F1xx_HAL_Driver/Src/stm32f1xx_hal_can.o
                0x0800a048                HAL_CAN_SleepCallback
 .text.HAL_CAN_WakeUpFromRxMsgCallback
                0x0800a04a        0x2 ./Drivers/STM32F1xx_HAL_Driver/Src/stm32f1xx_hal_can.o
                0x0800a04a                HAL_CAN_WakeUpFromRxMsgCallback
 .text.HAL_CAN_ErrorCallback
                0x0800a04c        0x2 ./Drivers/STM32F1xx_HAL_Driver/Src/stm32f1xx_hal_can.o
                0x0800a04c                HAL_CAN_ErrorCallback
 .text.HAL_CAN_IRQHandler
                0x0800a04e      0x20a ./Drivers/STM32F1xx_HAL_Driver/Src/stm32f1xx_hal_can.o
                0x0800a04e                HAL_CAN_IRQHandler
 .text.HAL_NVIC_SetPriorityGrouping
                0x0800a258       0x24 ./Drivers/STM32F1xx_HAL_Driver/Src/stm32f1xx_hal_cortex.o
                0x0800a258                HAL_NVIC_SetPriorityGrouping
 .text.HAL_NVIC_SetPriority
                0x0800a27c       0x60 ./Drivers/STM32F1xx_HAL_Driver/Src/stm32f1xx_hal_cortex.o
                0x0800a27c                HAL_NVIC_SetPriority
 .text.HAL_NVIC_EnableIRQ
                0x0800a2dc       0x1c ./Drivers/STM32F1xx_HAL_Driver/Src/stm32f1xx_hal_cortex.o
                0x0800a2dc                HAL_NVIC_EnableIRQ
 .text.HAL_SYSTICK_Config
                0x0800a2f8       0x28 ./Drivers/STM32F1xx_HAL_Driver/Src/stm32f1xx_hal_cortex.o
                0x0800a2f8                HAL_SYSTICK_Config
 .text.HAL_DMA_Init
                0x0800a320       0x64 ./Drivers/STM32F1xx_HAL_Driver/Src/stm32f1xx_hal_dma.o
                0x0800a320                HAL_DMA_Init
 .text.HAL_DMA_Start_IT
                0x0800a384       0x78 ./Drivers/STM32F1xx_HAL_Driver/Src/stm32f1xx_hal_dma.o
                0x0800a384                HAL_DMA_Start_IT
 .text.HAL_DMA_IRQHandler
                0x0800a3fc      0x128 ./Drivers/STM32F1xx_HAL_Driver/Src/stm32f1xx_hal_dma.o
                0x0800a3fc                HAL_DMA_IRQHandler
 .text.FLASH_SetErrorCode
                0x0800a524       0x50 ./Drivers/STM32F1xx_HAL_Driver/Src/stm32f1xx_hal_flash.o
 .text.HAL_FLASH_Unlock
                0x0800a574       0x24 ./Drivers/STM32F1xx_HAL_Driver/Src/stm32f1xx_hal_flash.o
                0x0800a574                HAL_FLASH_Unlock
 .text.HAL_FLASH_Lock
                0x0800a598       0x14 ./Drivers/STM32F1xx_HAL_Driver/Src/stm32f1xx_hal_flash.o
                0x0800a598                HAL_FLASH_Lock
 .text.FLASH_WaitForLastOperation
                0x0800a5ac       0x54 ./Drivers/STM32F1xx_HAL_Driver/Src/stm32f1xx_hal_flash.o
                0x0800a5ac                FLASH_WaitForLastOperation
 .text.HAL_FLASH_Program
                0x0800a600       0xa4 ./Drivers/STM32F1xx_HAL_Driver/Src/stm32f1xx_hal_flash.o
                0x0800a600                HAL_FLASH_Program
 .text.FLASH_PageErase
                0x0800a6a4       0x24 ./Drivers/STM32F1xx_HAL_Driver/Src/stm32f1xx_hal_flash_ex.o
                0x0800a6a4                FLASH_PageErase
 .text.HAL_FLASHEx_Erase
                0x0800a6c8       0xa8 ./Drivers/STM32F1xx_HAL_Driver/Src/stm32f1xx_hal_flash_ex.o
                0x0800a6c8                HAL_FLASHEx_Erase
 .text.HAL_GPIO_Init
                0x0800a770      0x1b0 ./Drivers/STM32F1xx_HAL_Driver/Src/stm32f1xx_hal_gpio.o
                0x0800a770                HAL_GPIO_Init
 .text.HAL_GPIO_WritePin
                0x0800a920        0xa ./Drivers/STM32F1xx_HAL_Driver/Src/stm32f1xx_hal_gpio.o
                0x0800a920                HAL_GPIO_WritePin
 .text.HAL_GPIO_EXTI_Callback
                0x0800a92a        0x2 ./Drivers/STM32F1xx_HAL_Driver/Src/stm32f1xx_hal_gpio.o
                0x0800a92a                HAL_GPIO_EXTI_Callback
 .text.HAL_GPIO_EXTI_IRQHandler
                0x0800a92c       0x18 ./Drivers/STM32F1xx_HAL_Driver/Src/stm32f1xx_hal_gpio.o
                0x0800a92c                HAL_GPIO_EXTI_IRQHandler
 .text.HAL_PWR_EnableBkUpAccess
                0x0800a944        0xc ./Drivers/STM32F1xx_HAL_Driver/Src/stm32f1xx_hal_pwr.o
                0x0800a944                HAL_PWR_EnableBkUpAccess
 .text.HAL_RCC_OscConfig
                0x0800a950      0x338 ./Drivers/STM32F1xx_HAL_Driver/Src/stm32f1xx_hal_rcc.o
                0x0800a950                HAL_RCC_OscConfig
 .text.HAL_RCC_GetSysClockFreq
                0x0800ac88       0x4c ./Drivers/STM32F1xx_HAL_Driver/Src/stm32f1xx_hal_rcc.o
                0x0800ac88                HAL_RCC_GetSysClockFreq
 .text.HAL_RCC_ClockConfig
                0x0800acd4      0x138 ./Drivers/STM32F1xx_HAL_Driver/Src/stm32f1xx_hal_rcc.o
                0x0800acd4                HAL_RCC_ClockConfig
 .text.HAL_RCC_GetPCLK1Freq
                0x0800ae0c       0x20 ./Drivers/STM32F1xx_HAL_Driver/Src/stm32f1xx_hal_rcc.o
                0x0800ae0c                HAL_RCC_GetPCLK1Freq
 .text.HAL_RCC_GetPCLK2Freq
                0x0800ae2c       0x20 ./Drivers/STM32F1xx_HAL_Driver/Src/stm32f1xx_hal_rcc.o
                0x0800ae2c                HAL_RCC_GetPCLK2Freq
 .text.TIM_OC1_SetConfig
                0x0800ae4c       0x50 ./Drivers/STM32F1xx_HAL_Driver/Src/stm32f1xx_hal_tim.o
 .text.TIM_OC3_SetConfig
                0x0800ae9c       0x54 ./Drivers/STM32F1xx_HAL_Driver/Src/stm32f1xx_hal_tim.o
 .text.TIM_OC4_SetConfig
                0x0800aef0       0x44 ./Drivers/STM32F1xx_HAL_Driver/Src/stm32f1xx_hal_tim.o
 .text.HAL_TIM_PWM_PulseFinishedCallback
                0x0800af34        0x2 ./Drivers/STM32F1xx_HAL_Driver/Src/stm32f1xx_hal_tim.o
                0x0800af34                HAL_TIM_PWM_PulseFinishedCallback
 .text.TIM_DMADelayPulseCplt
                0x0800af36       0x6a ./Drivers/STM32F1xx_HAL_Driver/Src/stm32f1xx_hal_tim.o
 .text.HAL_TIM_PWM_PulseFinishedHalfCpltCallback
                0x0800afa0        0x2 ./Drivers/STM32F1xx_HAL_Driver/Src/stm32f1xx_hal_tim.o
                0x0800afa0                HAL_TIM_PWM_PulseFinishedHalfCpltCallback
 .text.TIM_DMADelayPulseHalfCplt
                0x0800afa2       0x38 ./Drivers/STM32F1xx_HAL_Driver/Src/stm32f1xx_hal_tim.o
                0x0800afa2                TIM_DMADelayPulseHalfCplt
 .text.HAL_TIM_ErrorCallback
                0x0800afda        0x2 ./Drivers/STM32F1xx_HAL_Driver/Src/stm32f1xx_hal_tim.o
                0x0800afda                HAL_TIM_ErrorCallback
 .text.TIM_DMAError
                0x0800afdc       0x58 ./Drivers/STM32F1xx_HAL_Driver/Src/stm32f1xx_hal_tim.o
                0x0800afdc                TIM_DMAError
 .text.TIM_Base_SetConfig
                0x0800b034       0x80 ./Drivers/STM32F1xx_HAL_Driver/Src/stm32f1xx_hal_tim.o
                0x0800b034                TIM_Base_SetConfig
 .text.HAL_TIM_PWM_Init
                0x0800b0b4       0x58 ./Drivers/STM32F1xx_HAL_Driver/Src/stm32f1xx_hal_tim.o
                0x0800b0b4                HAL_TIM_PWM_Init
 .text.TIM_OC2_SetConfig
                0x0800b10c       0x58 ./Drivers/STM32F1xx_HAL_Driver/Src/stm32f1xx_hal_tim.o
                0x0800b10c                TIM_OC2_SetConfig
 .text.HAL_TIM_PWM_ConfigChannel
                0x0800b164       0xb0 ./Drivers/STM32F1xx_HAL_Driver/Src/stm32f1xx_hal_tim.o
                0x0800b164                HAL_TIM_PWM_ConfigChannel
 .text.TIM_CCxChannelCmd
                0x0800b214       0x1c ./Drivers/STM32F1xx_HAL_Driver/Src/stm32f1xx_hal_tim.o
                0x0800b214                TIM_CCxChannelCmd
 .text.HAL_TIM_OC_Start
                0x0800b230       0x9c ./Drivers/STM32F1xx_HAL_Driver/Src/stm32f1xx_hal_tim.o
                0x0800b230                HAL_TIM_OC_Start
 .text.HAL_TIM_PWM_Start
                0x0800b2cc        0x4 ./Drivers/STM32F1xx_HAL_Driver/Src/stm32f1xx_hal_tim.o
                0x0800b2cc                HAL_TIM_PWM_Start
 .text.HAL_TIM_OC_Start_DMA
                0x0800b2d0      0x178 ./Drivers/STM32F1xx_HAL_Driver/Src/stm32f1xx_hal_tim.o
                0x0800b2d0                HAL_TIM_OC_Start_DMA
 .text.HAL_TIM_PWM_Start_DMA
                0x0800b448        0x4 ./Drivers/STM32F1xx_HAL_Driver/Src/stm32f1xx_hal_tim.o
                0x0800b448                HAL_TIM_PWM_Start_DMA
 .text.HAL_TIMEx_MasterConfigSynchronization
                0x0800b44c       0x5c ./Drivers/STM32F1xx_HAL_Driver/Src/stm32f1xx_hal_tim_ex.o
                0x0800b44c                HAL_TIMEx_MasterConfigSynchronization
 .text.HAL_TIMEx_ConfigBreakDeadTime
                0x0800b4a8       0x4c ./Drivers/STM32F1xx_HAL_Driver/Src/stm32f1xx_hal_tim_ex.o
                0x0800b4a8                HAL_TIMEx_ConfigBreakDeadTime
 .text.UART_SetConfig
                0x0800b4f4       0x74 ./Drivers/STM32F1xx_HAL_Driver/Src/stm32f1xx_hal_uart.o
 .text.HAL_UART_Init
                0x0800b568       0x5e ./Drivers/STM32F1xx_HAL_Driver/Src/stm32f1xx_hal_uart.o
                0x0800b568                HAL_UART_Init
 .text.memset   0x0800b5c6       0x10 C:/Users/USER/STM32CubeIDE_1.17.0/STM32CubeIDE/plugins/com.st.stm32cube.ide.mcu.externaltools.gnu-tools-for-stm32.12.3.rel1.win32_1.1.0.202410251130/tools/bin/../lib/gcc/arm-none-eabi/12.3.1/../../../../arm-none-eabi/lib/thumb/v7-m/nofp\libc_nano.a(libc_a-memset.o)
                0x0800b5c6                memset
 *fill*         0x0800b5d6        0x2 
 .text.__libc_init_array
                0x0800b5d8       0x48 C:/Users/USER/STM32CubeIDE_1.17.0/STM32CubeIDE/plugins/com.st.stm32cube.ide.mcu.externaltools.gnu-tools-for-stm32.12.3.rel1.win32_1.1.0.202410251130/tools/bin/../lib/gcc/arm-none-eabi/12.3.1/../../../../arm-none-eabi/lib/thumb/v7-m/nofp\libc_nano.a(libc_a-init.o)
                0x0800b5d8                __libc_init_array
 .text.memcpy   0x0800b620       0x1c C:/Users/USER/STM32CubeIDE_1.17.0/STM32CubeIDE/plugins/com.st.stm32cube.ide.mcu.externaltools.gnu-tools-for-stm32.12.3.rel1.win32_1.1.0.202410251130/tools/bin/../lib/gcc/arm-none-eabi/12.3.1/../../../../arm-none-eabi/lib/thumb/v7-m/nofp\libc_nano.a(libc_a-memcpy-stub.o)
                0x0800b620                memcpy
 *(.glue_7)
 .glue_7        0x0800b63c        0x0 linker stubs
 *(.glue_7t)
 .glue_7t       0x0800b63c        0x0 linker stubs
 *(.eh_frame)
 .eh_frame      0x0800b63c        0x0 C:/Users/USER/STM32CubeIDE_1.17.0/STM32CubeIDE/plugins/com.st.stm32cube.ide.mcu.externaltools.gnu-tools-for-stm32.12.3.rel1.win32_1.1.0.202410251130/tools/bin/../lib/gcc/arm-none-eabi/12.3.1/thumb/v7-m/nofp/crtbegin.o
 *(.init)
 .init          0x0800b63c        0x4 C:/Users/USER/STM32CubeIDE_1.17.0/STM32CubeIDE/plugins/com.st.stm32cube.ide.mcu.externaltools.gnu-tools-for-stm32.12.3.rel1.win32_1.1.0.202410251130/tools/bin/../lib/gcc/arm-none-eabi/12.3.1/thumb/v7-m/nofp/crti.o
                0x0800b63c                _init
 .init          0x0800b640        0x8 C:/Users/USER/STM32CubeIDE_1.17.0/STM32CubeIDE/plugins/com.st.stm32cube.ide.mcu.externaltools.gnu-tools-for-stm32.12.3.rel1.win32_1.1.0.202410251130/tools/bin/../lib/gcc/arm-none-eabi/12.3.1/thumb/v7-m/nofp/crtn.o
 *(.fini)
 .fini          0x0800b648        0x4 C:/Users/USER/STM32CubeIDE_1.17.0/STM32CubeIDE/plugins/com.st.stm32cube.ide.mcu.externaltools.gnu-tools-for-stm32.12.3.rel1.win32_1.1.0.202410251130/tools/bin/../lib/gcc/arm-none-eabi/12.3.1/thumb/v7-m/nofp/crti.o
                0x0800b648                _fini
 .fini          0x0800b64c        0x8 C:/Users/USER/STM32CubeIDE_1.17.0/STM32CubeIDE/plugins/com.st.stm32cube.ide.mcu.externaltools.gnu-tools-for-stm32.12.3.rel1.win32_1.1.0.202410251130/tools/bin/../lib/gcc/arm-none-eabi/12.3.1/thumb/v7-m/nofp/crtn.o
                0x0800b654                        . = ALIGN (0x4)
                0x0800b654                        _etext = .

.vfp11_veneer   0x0800b654        0x0
 .vfp11_veneer  0x0800b654        0x0 linker stubs

.v4_bx          0x0800b654        0x0
 .v4_bx         0x0800b654        0x0 linker stubs

.iplt           0x0800b654        0x0
 .iplt          0x0800b654        0x0 C:/Users/USER/STM32CubeIDE_1.17.0/STM32CubeIDE/plugins/com.st.stm32cube.ide.mcu.externaltools.gnu-tools-for-stm32.12.3.rel1.win32_1.1.0.202410251130/tools/bin/../lib/gcc/arm-none-eabi/12.3.1/thumb/v7-m/nofp/crtbegin.o

.rodata         0x0800b654      0x42c
                0x0800b654                        . = ALIGN (0x4)
 *(.rodata)
 *(.rodata*)
 .rodata.crc_table
                0x0800b654      0x400 ./Core/Src/main.o
 .rodata.APBPrescTable
                0x0800ba54        0x8 ./Core/Src/system_stm32f1xx.o
                0x0800ba54                APBPrescTable
 .rodata.AHBPrescTable
                0x0800ba5c       0x10 ./Core/Src/system_stm32f1xx.o
                0x0800ba5c                AHBPrescTable
 .rodata.aPredivFactorTable.0
                0x0800ba6c        0x2 ./Drivers/STM32F1xx_HAL_Driver/Src/stm32f1xx_hal_rcc.o
 .rodata.aPLLMULFactorTable.1
                0x0800ba6e       0x10 ./Drivers/STM32F1xx_HAL_Driver/Src/stm32f1xx_hal_rcc.o
                0x0800ba80                        . = ALIGN (0x4)
 *fill*         0x0800ba7e        0x2 

.ARM.extab      0x0800ba80        0x0
                0x0800ba80                        . = ALIGN (0x4)
 *(.ARM.extab* .gnu.linkonce.armextab.*)
                0x0800ba80                        . = ALIGN (0x4)

.ARM            0x0800ba80        0x0
                0x0800ba80                        . = ALIGN (0x4)
                0x0800ba80                        __exidx_start = .
 *(.ARM.exidx*)
                0x0800ba80                        __exidx_end = .
                0x0800ba80                        . = ALIGN (0x4)

.preinit_array  0x0800ba80        0x0
                0x0800ba80                        . = ALIGN (0x4)
                0x0800ba80                        PROVIDE (__preinit_array_start = .)
 *(.preinit_array*)
                0x0800ba80                        PROVIDE (__preinit_array_end = .)
                0x0800ba80                        . = ALIGN (0x4)

.init_array     0x0800ba80        0x4
                0x0800ba80                        . = ALIGN (0x4)
                0x0800ba80                        PROVIDE (__init_array_start = .)
 *(SORT_BY_NAME(.init_array.*))
 *(.init_array*)
 .init_array    0x0800ba80        0x4 C:/Users/USER/STM32CubeIDE_1.17.0/STM32CubeIDE/plugins/com.st.stm32cube.ide.mcu.externaltools.gnu-tools-for-stm32.12.3.rel1.win32_1.1.0.202410251130/tools/bin/../lib/gcc/arm-none-eabi/12.3.1/thumb/v7-m/nofp/crtbegin.o
                0x0800ba84                        PROVIDE (__init_array_end = .)
                0x0800ba84                        . = ALIGN (0x4)

.fini_array     0x0800ba84        0x4
                0x0800ba84                        . = ALIGN (0x4)
                [!provide]                        PROVIDE (__fini_array_start = .)
 *(SORT_BY_NAME(.fini_array.*))
 *(.fini_array*)
 .fini_array    0x0800ba84        0x4 C:/Users/USER/STM32CubeIDE_1.17.0/STM32CubeIDE/plugins/com.st.stm32cube.ide.mcu.externaltools.gnu-tools-for-stm32.12.3.rel1.win32_1.1.0.202410251130/tools/bin/../lib/gcc/arm-none-eabi/12.3.1/thumb/v7-m/nofp/crtbegin.o
                [!provide]                        PROVIDE (__fini_array_end = .)
                0x0800ba88                        . = ALIGN (0x4)
                0x0800ba88                        _sidata = LOADADDR (.data)

.rel.dyn        0x0800ba88        0x0
 .rel.iplt      0x0800ba88        0x0 C:/Users/USER/STM32CubeIDE_1.17.0/STM32CubeIDE/plugins/com.st.stm32cube.ide.mcu.externaltools.gnu-tools-for-stm32.12.3.rel1.win32_1.1.0.202410251130/tools/bin/../lib/gcc/arm-none-eabi/12.3.1/thumb/v7-m/nofp/crtbegin.o

.data           0x20000000       0x1c load address 0x0800ba88
                0x20000000                        . = ALIGN (0x4)
                0x20000000                        _sdata = .
 *(.data)
 *(.data*)
 .data.current_mode.0
                0x20000000        0x1 ./Core/Src/light.o
 .data.last_input.5
                0x20000001        0x1 ./Core/Src/light.o
 .data.current_mode.6
                0x20000002        0x1 ./Core/Src/light.o
 .data.last_input.9
                0x20000003        0x1 ./Core/Src/light.o
 .data.current_mode.10
                0x20000004        0x1 ./Core/Src/light.o
 .data.last_input.13
                0x20000005        0x1 ./Core/Src/light.o
 .data.current_mode.14
                0x20000006        0x1 ./Core/Src/light.o
 .data.last_input.17
                0x20000007        0x1 ./Core/Src/light.o
 .data.current_mode.18
                0x20000008        0x1 ./Core/Src/light.o
 .data.last_input.21
                0x20000009        0x1 ./Core/Src/light.o
 *fill*         0x2000000a        0x2 
 .data.currentAddress
                0x2000000c        0x4 ./Core/Src/main.o
                0x2000000c                currentAddress
 .data.SystemCoreClock
                0x20000010        0x4 ./Core/Src/system_stm32f1xx.o
                0x20000010                SystemCoreClock
 .data.uwTickFreq
                0x20000014        0x1 ./Drivers/STM32F1xx_HAL_Driver/Src/stm32f1xx_hal.o
                0x20000014                uwTickFreq
 *fill*         0x20000015        0x3 
 .data.uwTickPrio
                0x20000018        0x4 ./Drivers/STM32F1xx_HAL_Driver/Src/stm32f1xx_hal.o
                0x20000018                uwTickPrio
 *(.RamFunc)
 *(.RamFunc*)
                0x2000001c                        . = ALIGN (0x4)
                0x2000001c                        _edata = .

.igot.plt       0x2000001c        0x0 load address 0x0800baa4
 .igot.plt      0x2000001c        0x0 C:/Users/USER/STM32CubeIDE_1.17.0/STM32CubeIDE/plugins/com.st.stm32cube.ide.mcu.externaltools.gnu-tools-for-stm32.12.3.rel1.win32_1.1.0.202410251130/tools/bin/../lib/gcc/arm-none-eabi/12.3.1/thumb/v7-m/nofp/crtbegin.o
                0x2000001c                        . = ALIGN (0x4)

.bss            0x20000020     0x1f68 load address 0x0800baa4
                0x20000020                        _sbss = .
                0x20000020                        __bss_start__ = _sbss
 *(.bss)
 .bss           0x20000020       0x1c C:/Users/USER/STM32CubeIDE_1.17.0/STM32CubeIDE/plugins/com.st.stm32cube.ide.mcu.externaltools.gnu-tools-for-stm32.12.3.rel1.win32_1.1.0.202410251130/tools/bin/../lib/gcc/arm-none-eabi/12.3.1/thumb/v7-m/nofp/crtbegin.o
 *(.bss*)
 .bss.hcan      0x2000003c       0x28 ./Core/Src/can.o
                0x2000003c                hcan
 .bss.flash_tbl
                0x20000064      0x400 ./Core/Src/flash.o
 .bss.left_count.1
                0x20000464        0x1 ./Core/Src/light.o
 .bss.right_count.2
                0x20000465        0x1 ./Core/Src/light.o
 .bss.both_count.3
                0x20000466        0x1 ./Core/Src/light.o
 .bss.off_count.4
                0x20000467        0x1 ./Core/Src/light.o
 .bss.fog_count.7
                0x20000468        0x1 ./Core/Src/light.o
 .bss.clean_count.8
                0x20000469        0x1 ./Core/Src/light.o
 .bss.off_count.11
                0x2000046a        0x1 ./Core/Src/light.o
 .bss.on_count.12
                0x2000046b        0x1 ./Core/Src/light.o
 .bss.strong_count.15
                0x2000046c        0x1 ./Core/Src/light.o
 .bss.weak_count.16
                0x2000046d        0x1 ./Core/Src/light.o
 .bss.night_count.19
                0x2000046e        0x1 ./Core/Src/light.o
 .bss.day_count.20
                0x2000046f        0x1 ./Core/Src/light.o
 .bss.change_flag
                0x20000470        0x1 ./Core/Src/light.o
                0x20000470                change_flag
 .bss.hcolors   0x20000471       0x18 ./Core/Src/light.o
                0x20000471                hcolors
 .bss.rcolors   0x20000489       0x18 ./Core/Src/light.o
                0x20000489                rcolors
 .bss.lcolors   0x200004a1       0x18 ./Core/Src/light.o
                0x200004a1                lcolors
 *fill*         0x200004b9        0x1 
 .bss.ws2812_hbuffer
                0x200004ba      0x220 ./Core/Src/light.o
                0x200004ba                ws2812_hbuffer
 .bss.ws2812_rbuffer
                0x200006da      0x220 ./Core/Src/light.o
                0x200006da                ws2812_rbuffer
 .bss.ws2812_lbuffer
                0x200008fa      0x220 ./Core/Src/light.o
                0x200008fa                ws2812_lbuffer
 *fill*         0x20000b1a        0x2 
 .bss.update_meta
                0x20000b1c        0x8 ./Core/Src/main.o
                0x20000b1c                update_meta
 .bss.fw_meta   0x20000b24        0x8 ./Core/Src/main.o
                0x20000b24                fw_meta
 .bss.updateMode
                0x20000b2c        0x1 ./Core/Src/main.o
                0x20000b2c                updateMode
 .bss.lightMode
                0x20000b2d        0x8 ./Core/Src/main.o
                0x20000b2d                lightMode
 *fill*         0x20000b35        0x3 
 .bss.blockReceivedBytes
                0x20000b38        0x4 ./Core/Src/main.o
 .bss.TxData    0x20000b3c        0x8 ./Core/Src/main.o
                0x20000b3c                TxData
 .bss.fwUpdateReceivedBytes
                0x20000b44        0x4 ./Core/Src/main.o
                0x20000b44                fwUpdateReceivedBytes
 .bss.fwUpdateRequested
                0x20000b48        0x1 ./Core/Src/main.o
                0x20000b48                fwUpdateRequested
 .bss.fwUpdateState
                0x20000b49        0x1 ./Core/Src/main.o
                0x20000b49                fwUpdateState
 *fill*         0x20000b4a        0x2 
 .bss.txMailbox
                0x20000b4c        0x4 ./Core/Src/main.o
                0x20000b4c                txMailbox
 .bss.txHeader  0x20000b50       0x18 ./Core/Src/main.o
                0x20000b50                txHeader
 .bss.messageBufferTail
                0x20000b68        0x2 ./Core/Src/message.o
                0x20000b68                messageBufferTail
 .bss.messageBufferHead
                0x20000b6a        0x2 ./Core/Src/message.o
                0x20000b6a                messageBufferHead
 .bss.messageBuffer
                0x20000b6c     0x1209 ./Core/Src/message.o
                0x20000b6c                messageBuffer
 *fill*         0x20001d75        0x3 
 .bss.hdma_tim3_ch1_trig
                0x20001d78       0x44 ./Core/Src/tim.o
                0x20001d78                hdma_tim3_ch1_trig
 .bss.hdma_tim2_ch2_ch4
                0x20001dbc       0x44 ./Core/Src/tim.o
                0x20001dbc                hdma_tim2_ch2_ch4
 .bss.hdma_tim1_ch2
                0x20001e00       0x44 ./Core/Src/tim.o
                0x20001e00                hdma_tim1_ch2
 .bss.htim3     0x20001e44       0x48 ./Core/Src/tim.o
                0x20001e44                htim3
 .bss.htim2     0x20001e8c       0x48 ./Core/Src/tim.o
                0x20001e8c                htim2
 .bss.htim1     0x20001ed4       0x48 ./Core/Src/tim.o
                0x20001ed4                htim1
 .bss.huart2    0x20001f1c       0x48 ./Core/Src/usart.o
                0x20001f1c                huart2
 .bss.uwTick    0x20001f64        0x4 ./Drivers/STM32F1xx_HAL_Driver/Src/stm32f1xx_hal.o
                0x20001f64                uwTick
 .bss.pFlash    0x20001f68       0x20 ./Drivers/STM32F1xx_HAL_Driver/Src/stm32f1xx_hal_flash.o
                0x20001f68                pFlash
 *(COMMON)
                0x20001f88                        . = ALIGN (0x4)
                0x20001f88                        _ebss = .
                0x20001f88                        __bss_end__ = _ebss

._user_heap_stack
                0x20001f88      0x600 load address 0x0800baa4
                0x20001f88                        . = ALIGN (0x8)
                [!provide]                        PROVIDE (end = .)
                0x20001f88                        PROVIDE (_end = .)
                0x20002188                        . = (. + _Min_Heap_Size)
 *fill*         0x20001f88      0x200 
                0x20002588                        . = (. + _Min_Stack_Size)
 *fill*         0x20002188      0x400 
                0x20002588                        . = ALIGN (0x8)

/DISCARD/
 libc.a(*)
 libm.a(*)
 libgcc.a(*)

.ARM.attributes
                0x00000000       0x29
 *(.ARM.attributes)
 .ARM.attributes
                0x00000000       0x1d C:/Users/USER/STM32CubeIDE_1.17.0/STM32CubeIDE/plugins/com.st.stm32cube.ide.mcu.externaltools.gnu-tools-for-stm32.12.3.rel1.win32_1.1.0.202410251130/tools/bin/../lib/gcc/arm-none-eabi/12.3.1/thumb/v7-m/nofp/crti.o
 .ARM.attributes
                0x0000001d       0x2d C:/Users/USER/STM32CubeIDE_1.17.0/STM32CubeIDE/plugins/com.st.stm32cube.ide.mcu.externaltools.gnu-tools-for-stm32.12.3.rel1.win32_1.1.0.202410251130/tools/bin/../lib/gcc/arm-none-eabi/12.3.1/thumb/v7-m/nofp/crtbegin.o
 .ARM.attributes
                0x0000004a       0x2d ./Core/Src/can.o
 .ARM.attributes
                0x00000077       0x2d ./Core/Src/dma.o
 .ARM.attributes
                0x000000a4       0x2d ./Core/Src/flash.o
 .ARM.attributes
                0x000000d1       0x2d ./Core/Src/gpio.o
 .ARM.attributes
                0x000000fe       0x2d ./Core/Src/light.o
 .ARM.attributes
                0x0000012b       0x2d ./Core/Src/main.o
 .ARM.attributes
                0x00000158       0x2d ./Core/Src/message.o
 .ARM.attributes
                0x00000185       0x2d ./Core/Src/stm32f1xx_hal_msp.o
 .ARM.attributes
                0x000001b2       0x2d ./Core/Src/stm32f1xx_it.o
 .ARM.attributes
                0x000001df       0x2d ./Core/Src/system_stm32f1xx.o
 .ARM.attributes
                0x0000020c       0x2d ./Core/Src/tim.o
 .ARM.attributes
                0x00000239       0x2d ./Core/Src/usart.o
 .ARM.attributes
                0x00000266       0x21 ./Core/Startup/startup_stm32f103rbtx.o
 .ARM.attributes
                0x00000287       0x2d ./Drivers/STM32F1xx_HAL_Driver/Src/stm32f1xx_hal.o
 .ARM.attributes
                0x000002b4       0x2d ./Drivers/STM32F1xx_HAL_Driver/Src/stm32f1xx_hal_can.o
 .ARM.attributes
                0x000002e1       0x2d ./Drivers/STM32F1xx_HAL_Driver/Src/stm32f1xx_hal_cortex.o
 .ARM.attributes
                0x0000030e       0x2d ./Drivers/STM32F1xx_HAL_Driver/Src/stm32f1xx_hal_dma.o
 .ARM.attributes
                0x0000033b       0x2d ./Drivers/STM32F1xx_HAL_Driver/Src/stm32f1xx_hal_flash.o
 .ARM.attributes
                0x00000368       0x2d ./Drivers/STM32F1xx_HAL_Driver/Src/stm32f1xx_hal_flash_ex.o
 .ARM.attributes
                0x00000395       0x2d ./Drivers/STM32F1xx_HAL_Driver/Src/stm32f1xx_hal_gpio.o
 .ARM.attributes
                0x000003c2       0x2d ./Drivers/STM32F1xx_HAL_Driver/Src/stm32f1xx_hal_pwr.o
 .ARM.attributes
                0x000003ef       0x2d ./Drivers/STM32F1xx_HAL_Driver/Src/stm32f1xx_hal_rcc.o
 .ARM.attributes
                0x0000041c       0x2d ./Drivers/STM32F1xx_HAL_Driver/Src/stm32f1xx_hal_tim.o
 .ARM.attributes
                0x00000449       0x2d ./Drivers/STM32F1xx_HAL_Driver/Src/stm32f1xx_hal_tim_ex.o
 .ARM.attributes
                0x00000476       0x2d ./Drivers/STM32F1xx_HAL_Driver/Src/stm32f1xx_hal_uart.o
 .ARM.attributes
                0x000004a3       0x2d C:/Users/USER/STM32CubeIDE_1.17.0/STM32CubeIDE/plugins/com.st.stm32cube.ide.mcu.externaltools.gnu-tools-for-stm32.12.3.rel1.win32_1.1.0.202410251130/tools/bin/../lib/gcc/arm-none-eabi/12.3.1/../../../../arm-none-eabi/lib/thumb/v7-m/nofp\libc_nano.a(libc_a-memset.o)
 .ARM.attributes
                0x000004d0       0x2d C:/Users/USER/STM32CubeIDE_1.17.0/STM32CubeIDE/plugins/com.st.stm32cube.ide.mcu.externaltools.gnu-tools-for-stm32.12.3.rel1.win32_1.1.0.202410251130/tools/bin/../lib/gcc/arm-none-eabi/12.3.1/../../../../arm-none-eabi/lib/thumb/v7-m/nofp\libc_nano.a(libc_a-init.o)
 .ARM.attributes
                0x000004fd       0x2d C:/Users/USER/STM32CubeIDE_1.17.0/STM32CubeIDE/plugins/com.st.stm32cube.ide.mcu.externaltools.gnu-tools-for-stm32.12.3.rel1.win32_1.1.0.202410251130/tools/bin/../lib/gcc/arm-none-eabi/12.3.1/../../../../arm-none-eabi/lib/thumb/v7-m/nofp\libc_nano.a(libc_a-memcpy-stub.o)
 .ARM.attributes
                0x0000052a       0x1d C:/Users/USER/STM32CubeIDE_1.17.0/STM32CubeIDE/plugins/com.st.stm32cube.ide.mcu.externaltools.gnu-tools-for-stm32.12.3.rel1.win32_1.1.0.202410251130/tools/bin/../lib/gcc/arm-none-eabi/12.3.1/thumb/v7-m/nofp/crtn.o
OUTPUT(PART_A.elf elf32-littlearm)
LOAD linker stubs
LOAD C:/Users/USER/STM32CubeIDE_1.17.0/STM32CubeIDE/plugins/com.st.stm32cube.ide.mcu.externaltools.gnu-tools-for-stm32.12.3.rel1.win32_1.1.0.202410251130/tools/bin/../lib/gcc/arm-none-eabi/12.3.1/../../../../arm-none-eabi/lib/thumb/v7-m/nofp\libc.a
LOAD C:/Users/USER/STM32CubeIDE_1.17.0/STM32CubeIDE/plugins/com.st.stm32cube.ide.mcu.externaltools.gnu-tools-for-stm32.12.3.rel1.win32_1.1.0.202410251130/tools/bin/../lib/gcc/arm-none-eabi/12.3.1/../../../../arm-none-eabi/lib/thumb/v7-m/nofp\libm.a
LOAD C:/Users/USER/STM32CubeIDE_1.17.0/STM32CubeIDE/plugins/com.st.stm32cube.ide.mcu.externaltools.gnu-tools-for-stm32.12.3.rel1.win32_1.1.0.202410251130/tools/bin/../lib/gcc/arm-none-eabi/12.3.1/thumb/v7-m/nofp\libgcc.a

.debug_info     0x00000000    0x165dc
 .debug_info    0x00000000      0x96f ./Core/Src/can.o
 .debug_info    0x0000096f      0x362 ./Core/Src/dma.o
 .debug_info    0x00000cd1      0x5a0 ./Core/Src/flash.o
 .debug_info    0x00001271      0x56e ./Core/Src/gpio.o
 .debug_info    0x000017df     0x141f ./Core/Src/light.o
 .debug_info    0x00002bfe     0x2125 ./Core/Src/main.o
 .debug_info    0x00004d23      0x2b3 ./Core/Src/message.o
 .debug_info    0x00004fd6      0x1f3 ./Core/Src/stm32f1xx_hal_msp.o
 .debug_info    0x000051c9      0x807 ./Core/Src/stm32f1xx_it.o
 .debug_info    0x000059d0      0x3fc ./Core/Src/system_stm32f1xx.o
 .debug_info    0x00005dcc      0xfd9 ./Core/Src/tim.o
 .debug_info    0x00006da5      0x822 ./Core/Src/usart.o
 .debug_info    0x000075c7       0x30 ./Core/Startup/startup_stm32f103rbtx.o
 .debug_info    0x000075f7      0x7dc ./Drivers/STM32F1xx_HAL_Driver/Src/stm32f1xx_hal.o
 .debug_info    0x00007dd3     0x112e ./Drivers/STM32F1xx_HAL_Driver/Src/stm32f1xx_hal_can.o
 .debug_info    0x00008f01      0xced ./Drivers/STM32F1xx_HAL_Driver/Src/stm32f1xx_hal_cortex.o
 .debug_info    0x00009bee      0x7e2 ./Drivers/STM32F1xx_HAL_Driver/Src/stm32f1xx_hal_dma.o
 .debug_info    0x0000a3d0      0x669 ./Drivers/STM32F1xx_HAL_Driver/Src/stm32f1xx_hal_flash.o
 .debug_info    0x0000aa39      0xba4 ./Drivers/STM32F1xx_HAL_Driver/Src/stm32f1xx_hal_flash_ex.o
 .debug_info    0x0000b5dd      0x604 ./Drivers/STM32F1xx_HAL_Driver/Src/stm32f1xx_hal_gpio.o
 .debug_info    0x0000bbe1      0x66d ./Drivers/STM32F1xx_HAL_Driver/Src/stm32f1xx_hal_pwr.o
 .debug_info    0x0000c24e      0x9fb ./Drivers/STM32F1xx_HAL_Driver/Src/stm32f1xx_hal_rcc.o
 .debug_info    0x0000cc49     0x40ce ./Drivers/STM32F1xx_HAL_Driver/Src/stm32f1xx_hal_tim.o
 .debug_info    0x00010d17     0x18a9 ./Drivers/STM32F1xx_HAL_Driver/Src/stm32f1xx_hal_tim_ex.o
 .debug_info    0x000125c0     0x401c ./Drivers/STM32F1xx_HAL_Driver/Src/stm32f1xx_hal_uart.o

.debug_abbrev   0x00000000     0x3c4a
 .debug_abbrev  0x00000000      0x262 ./Core/Src/can.o
 .debug_abbrev  0x00000262      0x11c ./Core/Src/dma.o
 .debug_abbrev  0x0000037e      0x227 ./Core/Src/flash.o
 .debug_abbrev  0x000005a5      0x186 ./Core/Src/gpio.o
 .debug_abbrev  0x0000072b      0x318 ./Core/Src/light.o
 .debug_abbrev  0x00000a43      0x4f0 ./Core/Src/main.o
 .debug_abbrev  0x00000f33      0x173 ./Core/Src/message.o
 .debug_abbrev  0x000010a6       0xeb ./Core/Src/stm32f1xx_hal_msp.o
 .debug_abbrev  0x00001191      0x261 ./Core/Src/stm32f1xx_it.o
 .debug_abbrev  0x000013f2      0x143 ./Core/Src/system_stm32f1xx.o
 .debug_abbrev  0x00001535      0x2c0 ./Core/Src/tim.o
 .debug_abbrev  0x000017f5      0x20b ./Core/Src/usart.o
 .debug_abbrev  0x00001a00       0x24 ./Core/Startup/startup_stm32f103rbtx.o
 .debug_abbrev  0x00001a24      0x272 ./Drivers/STM32F1xx_HAL_Driver/Src/stm32f1xx_hal.o
 .debug_abbrev  0x00001c96      0x295 ./Drivers/STM32F1xx_HAL_Driver/Src/stm32f1xx_hal_can.o
 .debug_abbrev  0x00001f2b      0x36b ./Drivers/STM32F1xx_HAL_Driver/Src/stm32f1xx_hal_cortex.o
 .debug_abbrev  0x00002296      0x260 ./Drivers/STM32F1xx_HAL_Driver/Src/stm32f1xx_hal_dma.o
 .debug_abbrev  0x000024f6      0x30e ./Drivers/STM32F1xx_HAL_Driver/Src/stm32f1xx_hal_flash.o
 .debug_abbrev  0x00002804      0x304 ./Drivers/STM32F1xx_HAL_Driver/Src/stm32f1xx_hal_flash_ex.o
 .debug_abbrev  0x00002b08      0x1f7 ./Drivers/STM32F1xx_HAL_Driver/Src/stm32f1xx_hal_gpio.o
 .debug_abbrev  0x00002cff      0x1eb ./Drivers/STM32F1xx_HAL_Driver/Src/stm32f1xx_hal_pwr.o
 .debug_abbrev  0x00002eea      0x2ff ./Drivers/STM32F1xx_HAL_Driver/Src/stm32f1xx_hal_rcc.o
 .debug_abbrev  0x000031e9      0x380 ./Drivers/STM32F1xx_HAL_Driver/Src/stm32f1xx_hal_tim.o
 .debug_abbrev  0x00003569      0x2ea ./Drivers/STM32F1xx_HAL_Driver/Src/stm32f1xx_hal_tim_ex.o
 .debug_abbrev  0x00003853      0x3f7 ./Drivers/STM32F1xx_HAL_Driver/Src/stm32f1xx_hal_uart.o

.debug_loclists
                0x00000000     0x8506
 .debug_loclists
                0x00000000       0x49 ./Core/Src/can.o
 .debug_loclists
                0x00000049      0x259 ./Core/Src/flash.o
 .debug_loclists
                0x000002a2      0x3af ./Core/Src/light.o
 .debug_loclists
                0x00000651      0x1c9 ./Core/Src/main.o
 .debug_loclists
                0x0000081a       0x48 ./Core/Src/message.o
 .debug_loclists
                0x00000862       0x17 ./Core/Src/stm32f1xx_hal_msp.o
 .debug_loclists
                0x00000879       0xac ./Core/Src/system_stm32f1xx.o
 .debug_loclists
                0x00000925       0xea ./Core/Src/tim.o
 .debug_loclists
                0x00000a0f       0x48 ./Core/Src/usart.o
 .debug_loclists
                0x00000a57       0xba ./Drivers/STM32F1xx_HAL_Driver/Src/stm32f1xx_hal.o
 .debug_loclists
                0x00000b11      0x709 ./Drivers/STM32F1xx_HAL_Driver/Src/stm32f1xx_hal_can.o
 .debug_loclists
                0x0000121a      0x347 ./Drivers/STM32F1xx_HAL_Driver/Src/stm32f1xx_hal_cortex.o
 .debug_loclists
                0x00001561      0x485 ./Drivers/STM32F1xx_HAL_Driver/Src/stm32f1xx_hal_dma.o
 .debug_loclists
                0x000019e6      0x233 ./Drivers/STM32F1xx_HAL_Driver/Src/stm32f1xx_hal_flash.o
 .debug_loclists
                0x00001c19      0x536 ./Drivers/STM32F1xx_HAL_Driver/Src/stm32f1xx_hal_flash_ex.o
 .debug_loclists
                0x0000214f      0x2bb ./Drivers/STM32F1xx_HAL_Driver/Src/stm32f1xx_hal_gpio.o
 .debug_loclists
                0x0000240a       0x97 ./Drivers/STM32F1xx_HAL_Driver/Src/stm32f1xx_hal_pwr.o
 .debug_loclists
                0x000024a1      0x3e1 ./Drivers/STM32F1xx_HAL_Driver/Src/stm32f1xx_hal_rcc.o
 .debug_loclists
                0x00002882     0x298b ./Drivers/STM32F1xx_HAL_Driver/Src/stm32f1xx_hal_tim.o
 .debug_loclists
                0x0000520d      0xbce ./Drivers/STM32F1xx_HAL_Driver/Src/stm32f1xx_hal_tim_ex.o
 .debug_loclists
                0x00005ddb     0x272b ./Drivers/STM32F1xx_HAL_Driver/Src/stm32f1xx_hal_uart.o

.debug_aranges  0x00000000      0xfc8
 .debug_aranges
                0x00000000       0x30 ./Core/Src/can.o
 .debug_aranges
                0x00000030       0x20 ./Core/Src/dma.o
 .debug_aranges
                0x00000050       0x38 ./Core/Src/flash.o
 .debug_aranges
                0x00000088       0x20 ./Core/Src/gpio.o
 .debug_aranges
                0x000000a8       0x80 ./Core/Src/light.o
 .debug_aranges
                0x00000128       0x78 ./Core/Src/main.o
 .debug_aranges
                0x000001a0       0x40 ./Core/Src/message.o
 .debug_aranges
                0x000001e0       0x20 ./Core/Src/stm32f1xx_hal_msp.o
 .debug_aranges
                0x00000200       0x88 ./Core/Src/stm32f1xx_it.o
 .debug_aranges
                0x00000288       0x28 ./Core/Src/system_stm32f1xx.o
 .debug_aranges
                0x000002b0       0x48 ./Core/Src/tim.o
 .debug_aranges
                0x000002f8       0x30 ./Core/Src/usart.o
 .debug_aranges
                0x00000328       0x28 ./Core/Startup/startup_stm32f103rbtx.o
 .debug_aranges
                0x00000350       0xe0 ./Drivers/STM32F1xx_HAL_Driver/Src/stm32f1xx_hal.o
 .debug_aranges
                0x00000430      0x138 ./Drivers/STM32F1xx_HAL_Driver/Src/stm32f1xx_hal_can.o
 .debug_aranges
                0x00000568       0x90 ./Drivers/STM32F1xx_HAL_Driver/Src/stm32f1xx_hal_cortex.o
 .debug_aranges
                0x000005f8       0x78 ./Drivers/STM32F1xx_HAL_Driver/Src/stm32f1xx_hal_dma.o
 .debug_aranges
                0x00000670       0x80 ./Drivers/STM32F1xx_HAL_Driver/Src/stm32f1xx_hal_flash.o
 .debug_aranges
                0x000006f0       0x58 ./Drivers/STM32F1xx_HAL_Driver/Src/stm32f1xx_hal_flash_ex.o
 .debug_aranges
                0x00000748       0x58 ./Drivers/STM32F1xx_HAL_Driver/Src/stm32f1xx_hal_gpio.o
 .debug_aranges
                0x000007a0       0xa8 ./Drivers/STM32F1xx_HAL_Driver/Src/stm32f1xx_hal_pwr.o
 .debug_aranges
                0x00000848       0x88 ./Drivers/STM32F1xx_HAL_Driver/Src/stm32f1xx_hal_rcc.o
 .debug_aranges
                0x000008d0      0x3a0 ./Drivers/STM32F1xx_HAL_Driver/Src/stm32f1xx_hal_tim.o
 .debug_aranges
                0x00000c70      0x168 ./Drivers/STM32F1xx_HAL_Driver/Src/stm32f1xx_hal_tim_ex.o
 .debug_aranges
                0x00000dd8      0x1f0 ./Drivers/STM32F1xx_HAL_Driver/Src/stm32f1xx_hal_uart.o

.debug_rnglists
                0x00000000     0x1081
 .debug_rnglists
                0x00000000       0x41 ./Core/Src/can.o
 .debug_rnglists
                0x00000041       0x28 ./Core/Src/dma.o
 .debug_rnglists
                0x00000069       0x75 ./Core/Src/flash.o
 .debug_rnglists
                0x000000de       0x53 ./Core/Src/gpio.o
 .debug_rnglists
                0x00000131      0x133 ./Core/Src/light.o
 .debug_rnglists
                0x00000264       0xf2 ./Core/Src/main.o
 .debug_rnglists
                0x00000356       0x2b ./Core/Src/message.o
 .debug_rnglists
                0x00000381       0x37 ./Core/Src/stm32f1xx_hal_msp.o
 .debug_rnglists
                0x000003b8       0x61 ./Core/Src/stm32f1xx_it.o
 .debug_rnglists
                0x00000419       0x19 ./Core/Src/system_stm32f1xx.o
 .debug_rnglists
                0x00000432       0xa4 ./Core/Src/tim.o
 .debug_rnglists
                0x000004d6       0x3a ./Core/Src/usart.o
 .debug_rnglists
                0x00000510       0x19 ./Core/Startup/startup_stm32f103rbtx.o
 .debug_rnglists
                0x00000529       0xa3 ./Drivers/STM32F1xx_HAL_Driver/Src/stm32f1xx_hal.o
 .debug_rnglists
                0x000005cc       0xea ./Drivers/STM32F1xx_HAL_Driver/Src/stm32f1xx_hal_can.o
 .debug_rnglists
                0x000006b6       0xd3 ./Drivers/STM32F1xx_HAL_Driver/Src/stm32f1xx_hal_cortex.o
 .debug_rnglists
                0x00000789       0x70 ./Drivers/STM32F1xx_HAL_Driver/Src/stm32f1xx_hal_dma.o
 .debug_rnglists
                0x000007f9       0x8a ./Drivers/STM32F1xx_HAL_Driver/Src/stm32f1xx_hal_flash.o
 .debug_rnglists
                0x00000883       0xa6 ./Drivers/STM32F1xx_HAL_Driver/Src/stm32f1xx_hal_flash_ex.o
 .debug_rnglists
                0x00000929       0x52 ./Drivers/STM32F1xx_HAL_Driver/Src/stm32f1xx_hal_gpio.o
 .debug_rnglists
                0x0000097b       0x79 ./Drivers/STM32F1xx_HAL_Driver/Src/stm32f1xx_hal_pwr.o
 .debug_rnglists
                0x000009f4       0x85 ./Drivers/STM32F1xx_HAL_Driver/Src/stm32f1xx_hal_rcc.o
 .debug_rnglists
                0x00000a79      0x339 ./Drivers/STM32F1xx_HAL_Driver/Src/stm32f1xx_hal_tim.o
 .debug_rnglists
                0x00000db2      0x112 ./Drivers/STM32F1xx_HAL_Driver/Src/stm32f1xx_hal_tim_ex.o
 .debug_rnglists
                0x00000ec4      0x1bd ./Drivers/STM32F1xx_HAL_Driver/Src/stm32f1xx_hal_uart.o

.debug_macro    0x00000000    0x19cb0
 .debug_macro   0x00000000      0x2e9 ./Core/Src/can.o
 .debug_macro   0x000002e9      0xab4 ./Core/Src/can.o
 .debug_macro   0x00000d9d      0x227 ./Core/Src/can.o
 .debug_macro   0x00000fc4       0x2e ./Core/Src/can.o
 .debug_macro   0x00000ff2       0x22 ./Core/Src/can.o
 .debug_macro   0x00001014       0x22 ./Core/Src/can.o
 .debug_macro   0x00001036       0x8e ./Core/Src/can.o
 .debug_macro   0x000010c4       0x51 ./Core/Src/can.o
 .debug_macro   0x00001115      0x103 ./Core/Src/can.o
 .debug_macro   0x00001218       0x6a ./Core/Src/can.o
 .debug_macro   0x00001282      0x1df ./Core/Src/can.o
 .debug_macro   0x00001461       0x1c ./Core/Src/can.o
 .debug_macro   0x0000147d       0x22 ./Core/Src/can.o
 .debug_macro   0x0000149f       0xbd ./Core/Src/can.o
 .debug_macro   0x0000155c      0xd23 ./Core/Src/can.o
 .debug_macro   0x0000227f     0xe09e ./Core/Src/can.o
 .debug_macro   0x0001031d       0x6d ./Core/Src/can.o
 .debug_macro   0x0001038a     0x34a2 ./Core/Src/can.o
 .debug_macro   0x0001382c      0x189 ./Core/Src/can.o
 .debug_macro   0x000139b5       0x5c ./Core/Src/can.o
 .debug_macro   0x00013a11      0x5bc ./Core/Src/can.o
 .debug_macro   0x00013fcd      0x289 ./Core/Src/can.o
 .debug_macro   0x00014256      0x1cb ./Core/Src/can.o
 .debug_macro   0x00014421      0x114 ./Core/Src/can.o
 .debug_macro   0x00014535      0x1b2 ./Core/Src/can.o
 .debug_macro   0x000146e7       0x27 ./Core/Src/can.o
 .debug_macro   0x0001470e      0x136 ./Core/Src/can.o
 .debug_macro   0x00014844      0x1bc ./Core/Src/can.o
 .debug_macro   0x00014a00       0x34 ./Core/Src/can.o
 .debug_macro   0x00014a34       0x3c ./Core/Src/can.o
 .debug_macro   0x00014a70      0x408 ./Core/Src/can.o
 .debug_macro   0x00014e78       0x57 ./Core/Src/can.o
 .debug_macro   0x00014ecf       0x87 ./Core/Src/can.o
 .debug_macro   0x00014f56      0x240 ./Core/Src/can.o
 .debug_macro   0x00015196      0x140 ./Core/Src/can.o
 .debug_macro   0x000152d6      0x8ed ./Core/Src/can.o
 .debug_macro   0x00015bc3      0x28e ./Core/Src/can.o
 .debug_macro   0x00015e51       0x83 ./Core/Src/can.o
 .debug_macro   0x00015ed4       0x22 ./Core/Src/can.o
 .debug_macro   0x00015ef6       0x10 ./Core/Src/can.o
 .debug_macro   0x00015f06       0x52 ./Core/Src/can.o
 .debug_macro   0x00015f58       0x61 ./Core/Src/can.o
 .debug_macro   0x00015fb9       0x24 ./Core/Src/can.o
 .debug_macro   0x00015fdd       0x43 ./Core/Src/can.o
 .debug_macro   0x00016020       0x34 ./Core/Src/can.o
 .debug_macro   0x00016054       0x16 ./Core/Src/can.o
 .debug_macro   0x0001606a       0x43 ./Core/Src/can.o
 .debug_macro   0x000160ad       0x34 ./Core/Src/can.o
 .debug_macro   0x000160e1       0x10 ./Core/Src/can.o
 .debug_macro   0x000160f1       0x58 ./Core/Src/can.o
 .debug_macro   0x00016149       0x8e ./Core/Src/can.o
 .debug_macro   0x000161d7       0x1c ./Core/Src/can.o
 .debug_macro   0x000161f3      0x177 ./Core/Src/can.o
 .debug_macro   0x0001636a      0x369 ./Core/Src/can.o
 .debug_macro   0x000166d3       0x10 ./Core/Src/can.o
 .debug_macro   0x000166e3       0x35 ./Core/Src/can.o
 .debug_macro   0x00016718       0x20 ./Core/Src/can.o
 .debug_macro   0x00016738       0x76 ./Core/Src/can.o
 .debug_macro   0x000167ae      0x2e9 ./Core/Src/dma.o
 .debug_macro   0x00016a97      0x2ef ./Core/Src/flash.o
 .debug_macro   0x00016d86      0x2e9 ./Core/Src/gpio.o
 .debug_macro   0x0001706f      0x2ef ./Core/Src/light.o
 .debug_macro   0x0001735e       0x4c ./Core/Src/light.o
 .debug_macro   0x000173aa      0x377 ./Core/Src/main.o
 .debug_macro   0x00017721      0x2f0 ./Core/Src/message.o
 .debug_macro   0x00017a11      0x2e5 ./Core/Src/stm32f1xx_hal_msp.o
 .debug_macro   0x00017cf6      0x2ef ./Core/Src/stm32f1xx_it.o
 .debug_macro   0x00017fe5      0x1b9 ./Core/Src/system_stm32f1xx.o
 .debug_macro   0x0001819e      0x2e9 ./Core/Src/tim.o
 .debug_macro   0x00018487      0x2e9 ./Core/Src/usart.o
 .debug_macro   0x00018770      0x1d1 ./Drivers/STM32F1xx_HAL_Driver/Src/stm32f1xx_hal.o
 .debug_macro   0x00018941      0x1bc ./Drivers/STM32F1xx_HAL_Driver/Src/stm32f1xx_hal_can.o
 .debug_macro   0x00018afd      0x1ad ./Drivers/STM32F1xx_HAL_Driver/Src/stm32f1xx_hal_cortex.o
 .debug_macro   0x00018caa      0x1ad ./Drivers/STM32F1xx_HAL_Driver/Src/stm32f1xx_hal_dma.o
 .debug_macro   0x00018e57      0x1ad ./Drivers/STM32F1xx_HAL_Driver/Src/stm32f1xx_hal_flash.o
 .debug_macro   0x00019004      0x1bf ./Drivers/STM32F1xx_HAL_Driver/Src/stm32f1xx_hal_flash_ex.o
 .debug_macro   0x000191c3      0x218 ./Drivers/STM32F1xx_HAL_Driver/Src/stm32f1xx_hal_gpio.o
 .debug_macro   0x000193db      0x20d ./Drivers/STM32F1xx_HAL_Driver/Src/stm32f1xx_hal_pwr.o
 .debug_macro   0x000195e8      0x1bf ./Drivers/STM32F1xx_HAL_Driver/Src/stm32f1xx_hal_rcc.o
 .debug_macro   0x000197a7      0x1ae ./Drivers/STM32F1xx_HAL_Driver/Src/stm32f1xx_hal_tim.o
 .debug_macro   0x00019955      0x1ad ./Drivers/STM32F1xx_HAL_Driver/Src/stm32f1xx_hal_tim_ex.o
 .debug_macro   0x00019b02      0x1ae ./Drivers/STM32F1xx_HAL_Driver/Src/stm32f1xx_hal_uart.o

.debug_line     0x00000000    0x1b2a8
 .debug_line    0x00000000      0xaa6 ./Core/Src/can.o
 .debug_line    0x00000aa6      0x9c5 ./Core/Src/dma.o
 .debug_line    0x0000146b      0xbc2 ./Core/Src/flash.o
 .debug_line    0x0000202d      0xa8a ./Core/Src/gpio.o
 .debug_line    0x00002ab7     0x1407 ./Core/Src/light.o
 .debug_line    0x00003ebe     0x10a5 ./Core/Src/main.o
 .debug_line    0x00004f63      0xaa9 ./Core/Src/message.o
 .debug_line    0x00005a0c      0x9d6 ./Core/Src/stm32f1xx_hal_msp.o
 .debug_line    0x000063e2      0xb1a ./Core/Src/stm32f1xx_it.o
 .debug_line    0x00006efc      0x793 ./Core/Src/system_stm32f1xx.o
 .debug_line    0x0000768f      0xedb ./Core/Src/tim.o
 .debug_line    0x0000856a      0xa8e ./Core/Src/usart.o
 .debug_line    0x00008ff8       0x78 ./Core/Startup/startup_stm32f103rbtx.o
 .debug_line    0x00009070      0xa3f ./Drivers/STM32F1xx_HAL_Driver/Src/stm32f1xx_hal.o
 .debug_line    0x00009aaf     0x1559 ./Drivers/STM32F1xx_HAL_Driver/Src/stm32f1xx_hal_can.o
 .debug_line    0x0000b008      0xbd8 ./Drivers/STM32F1xx_HAL_Driver/Src/stm32f1xx_hal_cortex.o
 .debug_line    0x0000bbe0      0xf97 ./Drivers/STM32F1xx_HAL_Driver/Src/stm32f1xx_hal_dma.o
 .debug_line    0x0000cb77      0xca0 ./Drivers/STM32F1xx_HAL_Driver/Src/stm32f1xx_hal_flash.o
 .debug_line    0x0000d817      0xdfe ./Drivers/STM32F1xx_HAL_Driver/Src/stm32f1xx_hal_flash_ex.o
 .debug_line    0x0000e615      0xacb ./Drivers/STM32F1xx_HAL_Driver/Src/stm32f1xx_hal_gpio.o
 .debug_line    0x0000f0e0      0x989 ./Drivers/STM32F1xx_HAL_Driver/Src/stm32f1xx_hal_pwr.o
 .debug_line    0x0000fa69     0x10ba ./Drivers/STM32F1xx_HAL_Driver/Src/stm32f1xx_hal_rcc.o
 .debug_line    0x00010b23     0x47cd ./Drivers/STM32F1xx_HAL_Driver/Src/stm32f1xx_hal_tim.o
 .debug_line    0x000152f0     0x1a26 ./Drivers/STM32F1xx_HAL_Driver/Src/stm32f1xx_hal_tim_ex.o
 .debug_line    0x00016d16     0x4592 ./Drivers/STM32F1xx_HAL_Driver/Src/stm32f1xx_hal_uart.o

.debug_str      0x00000000    0x8db91
 .debug_str     0x00000000    0x89093 ./Core/Src/can.o
                              0x89491 (size before relaxing)
 .debug_str     0x00089093       0x1e ./Core/Src/dma.o
                              0x890e6 (size before relaxing)
 .debug_str     0x000890b1      0x190 ./Core/Src/flash.o
                              0x88fa0 (size before relaxing)
 .debug_str     0x00089241       0x5c ./Core/Src/gpio.o
                              0x891a6 (size before relaxing)
 .debug_str     0x0008929d      0x69f ./Core/Src/light.o
                              0x895a6 (size before relaxing)
 .debug_str     0x0008993c      0x842 ./Core/Src/main.o
                              0x8a269 (size before relaxing)
 .debug_str     0x0008a17e       0x56 ./Core/Src/message.o
                              0x88eae (size before relaxing)
 .debug_str     0x0008a1d4       0x50 ./Core/Src/stm32f1xx_hal_msp.o
                              0x88e1b (size before relaxing)
 .debug_str     0x0008a224      0x19b ./Core/Src/stm32f1xx_it.o
                              0x89384 (size before relaxing)
 .debug_str     0x0008a3bf       0xbb ./Core/Src/system_stm32f1xx.o
                              0x8594c (size before relaxing)
 .debug_str     0x0008a47a      0x236 ./Core/Src/tim.o
                              0x89611 (size before relaxing)
 .debug_str     0x0008a6b0      0x236 ./Core/Src/usart.o
                              0x892e6 (size before relaxing)
 .debug_str     0x0008a8e6       0x44 ./Core/Startup/startup_stm32f103rbtx.o
                                 0x64 (size before relaxing)
 .debug_str     0x0008a92a      0x384 ./Drivers/STM32F1xx_HAL_Driver/Src/stm32f1xx_hal.o
                              0x85fe4 (size before relaxing)
 .debug_str     0x0008acae      0x3d4 ./Drivers/STM32F1xx_HAL_Driver/Src/stm32f1xx_hal_can.o
                              0x860b9 (size before relaxing)
 .debug_str     0x0008b082      0x212 ./Drivers/STM32F1xx_HAL_Driver/Src/stm32f1xx_hal_cortex.o
                              0x85f30 (size before relaxing)
 .debug_str     0x0008b294      0x206 ./Drivers/STM32F1xx_HAL_Driver/Src/stm32f1xx_hal_dma.o
                              0x85c5a (size before relaxing)
 .debug_str     0x0008b49a      0x259 ./Drivers/STM32F1xx_HAL_Driver/Src/stm32f1xx_hal_flash.o
                              0x85b8c (size before relaxing)
 .debug_str     0x0008b6f3      0x30e ./Drivers/STM32F1xx_HAL_Driver/Src/stm32f1xx_hal_flash_ex.o
                              0x85d3a (size before relaxing)
 .debug_str     0x0008ba01      0x2c8 ./Drivers/STM32F1xx_HAL_Driver/Src/stm32f1xx_hal_gpio.o
                              0x85c37 (size before relaxing)
 .debug_str     0x0008bcc9      0x4e7 ./Drivers/STM32F1xx_HAL_Driver/Src/stm32f1xx_hal_pwr.o
                              0x85de8 (size before relaxing)
 .debug_str     0x0008c1b0      0x21d ./Drivers/STM32F1xx_HAL_Driver/Src/stm32f1xx_hal_rcc.o
                              0x85ce0 (size before relaxing)
 .debug_str     0x0008c3cd      0xdd2 ./Drivers/STM32F1xx_HAL_Driver/Src/stm32f1xx_hal_tim.o
                              0x86ce2 (size before relaxing)
 .debug_str     0x0008d19f      0x3e1 ./Drivers/STM32F1xx_HAL_Driver/Src/stm32f1xx_hal_tim_ex.o
                              0x864ee (size before relaxing)
 .debug_str     0x0008d580      0x611 ./Drivers/STM32F1xx_HAL_Driver/Src/stm32f1xx_hal_uart.o
                              0x86351 (size before relaxing)

.comment        0x00000000       0x43
 .comment       0x00000000       0x43 ./Core/Src/can.o
                                 0x44 (size before relaxing)
 .comment       0x00000043       0x44 ./Core/Src/dma.o
 .comment       0x00000043       0x44 ./Core/Src/flash.o
 .comment       0x00000043       0x44 ./Core/Src/gpio.o
 .comment       0x00000043       0x44 ./Core/Src/light.o
 .comment       0x00000043       0x44 ./Core/Src/main.o
 .comment       0x00000043       0x44 ./Core/Src/message.o
 .comment       0x00000043       0x44 ./Core/Src/stm32f1xx_hal_msp.o
 .comment       0x00000043       0x44 ./Core/Src/stm32f1xx_it.o
 .comment       0x00000043       0x44 ./Core/Src/system_stm32f1xx.o
 .comment       0x00000043       0x44 ./Core/Src/tim.o
 .comment       0x00000043       0x44 ./Core/Src/usart.o
 .comment       0x00000043       0x44 ./Drivers/STM32F1xx_HAL_Driver/Src/stm32f1xx_hal.o
 .comment       0x00000043       0x44 ./Drivers/STM32F1xx_HAL_Driver/Src/stm32f1xx_hal_can.o
 .comment       0x00000043       0x44 ./Drivers/STM32F1xx_HAL_Driver/Src/stm32f1xx_hal_cortex.o
 .comment       0x00000043       0x44 ./Drivers/STM32F1xx_HAL_Driver/Src/stm32f1xx_hal_dma.o
 .comment       0x00000043       0x44 ./Drivers/STM32F1xx_HAL_Driver/Src/stm32f1xx_hal_flash.o
 .comment       0x00000043       0x44 ./Drivers/STM32F1xx_HAL_Driver/Src/stm32f1xx_hal_flash_ex.o
 .comment       0x00000043       0x44 ./Drivers/STM32F1xx_HAL_Driver/Src/stm32f1xx_hal_gpio.o
 .comment       0x00000043       0x44 ./Drivers/STM32F1xx_HAL_Driver/Src/stm32f1xx_hal_pwr.o
 .comment       0x00000043       0x44 ./Drivers/STM32F1xx_HAL_Driver/Src/stm32f1xx_hal_rcc.o
 .comment       0x00000043       0x44 ./Drivers/STM32F1xx_HAL_Driver/Src/stm32f1xx_hal_tim.o
 .comment       0x00000043       0x44 ./Drivers/STM32F1xx_HAL_Driver/Src/stm32f1xx_hal_tim_ex.o
 .comment       0x00000043       0x44 ./Drivers/STM32F1xx_HAL_Driver/Src/stm32f1xx_hal_uart.o

.debug_frame    0x00000000     0x27c0
 .debug_frame   0x00000000       0x74 ./Core/Src/can.o
 .debug_frame   0x00000074       0x2c ./Core/Src/dma.o
 .debug_frame   0x000000a0       0x80 ./Core/Src/flash.o
 .debug_frame   0x00000120       0x38 ./Core/Src/gpio.o
 .debug_frame   0x00000158      0x1b8 ./Core/Src/light.o
 .debug_frame   0x00000310      0x194 ./Core/Src/main.o
 .debug_frame   0x000004a4       0x78 ./Core/Src/message.o
 .debug_frame   0x0000051c       0x28 ./Core/Src/stm32f1xx_hal_msp.o
 .debug_frame   0x00000544       0xf0 ./Core/Src/stm32f1xx_it.o
 .debug_frame   0x00000634       0x30 ./Core/Src/system_stm32f1xx.o
 .debug_frame   0x00000664       0xd4 ./Core/Src/tim.o
 .debug_frame   0x00000738       0x60 ./Core/Src/usart.o
 .debug_frame   0x00000798      0x1d4 ./Drivers/STM32F1xx_HAL_Driver/Src/stm32f1xx_hal.o
 .debug_frame   0x0000096c      0x2d0 ./Drivers/STM32F1xx_HAL_Driver/Src/stm32f1xx_hal_can.o
 .debug_frame   0x00000c3c      0x120 ./Drivers/STM32F1xx_HAL_Driver/Src/stm32f1xx_hal_cortex.o
 .debug_frame   0x00000d5c      0x14c ./Drivers/STM32F1xx_HAL_Driver/Src/stm32f1xx_hal_dma.o
 .debug_frame   0x00000ea8      0x11c ./Drivers/STM32F1xx_HAL_Driver/Src/stm32f1xx_hal_flash.o
 .debug_frame   0x00000fc4       0xdc ./Drivers/STM32F1xx_HAL_Driver/Src/stm32f1xx_hal_flash_ex.o
 .debug_frame   0x000010a0       0xd8 ./Drivers/STM32F1xx_HAL_Driver/Src/stm32f1xx_hal_gpio.o
 .debug_frame   0x00001178      0x140 ./Drivers/STM32F1xx_HAL_Driver/Src/stm32f1xx_hal_pwr.o
 .debug_frame   0x000012b8      0x13c ./Drivers/STM32F1xx_HAL_Driver/Src/stm32f1xx_hal_rcc.o
 .debug_frame   0x000013f4      0x9ec ./Drivers/STM32F1xx_HAL_Driver/Src/stm32f1xx_hal_tim.o
 .debug_frame   0x00001de0      0x3d4 ./Drivers/STM32F1xx_HAL_Driver/Src/stm32f1xx_hal_tim_ex.o
 .debug_frame   0x000021b4      0x598 ./Drivers/STM32F1xx_HAL_Driver/Src/stm32f1xx_hal_uart.o
 .debug_frame   0x0000274c       0x20 C:/Users/USER/STM32CubeIDE_1.17.0/STM32CubeIDE/plugins/com.st.stm32cube.ide.mcu.externaltools.gnu-tools-for-stm32.12.3.rel1.win32_1.1.0.202410251130/tools/bin/../lib/gcc/arm-none-eabi/12.3.1/../../../../arm-none-eabi/lib/thumb/v7-m/nofp\libc_nano.a(libc_a-memset.o)
 .debug_frame   0x0000276c       0x2c C:/Users/USER/STM32CubeIDE_1.17.0/STM32CubeIDE/plugins/com.st.stm32cube.ide.mcu.externaltools.gnu-tools-for-stm32.12.3.rel1.win32_1.1.0.202410251130/tools/bin/../lib/gcc/arm-none-eabi/12.3.1/../../../../arm-none-eabi/lib/thumb/v7-m/nofp\libc_nano.a(libc_a-init.o)
 .debug_frame   0x00002798       0x28 C:/Users/USER/STM32CubeIDE_1.17.0/STM32CubeIDE/plugins/com.st.stm32cube.ide.mcu.externaltools.gnu-tools-for-stm32.12.3.rel1.win32_1.1.0.202410251130/tools/bin/../lib/gcc/arm-none-eabi/12.3.1/../../../../arm-none-eabi/lib/thumb/v7-m/nofp\libc_nano.a(libc_a-memcpy-stub.o)

.debug_line_str
                0x00000000       0x48
 .debug_line_str
                0x00000000       0x48 ./Core/Startup/startup_stm32f103rbtx.o
