Archive member included to satisfy reference by file (symbol)

C:/Users/USER/STM32CubeIDE_1.17.0/STM32CubeIDE/plugins/com.st.stm32cube.ide.mcu.externaltools.gnu-tools-for-stm32.12.3.rel1.win32_1.1.0.202410251130/tools/bin/../lib/gcc/arm-none-eabi/12.3.1/../../../../arm-none-eabi/lib/thumb/v7-m/nofp\libc_nano.a(libc_a-exit.o)
                              C:/Users/USER/STM32CubeIDE_1.17.0/STM32CubeIDE/plugins/com.st.stm32cube.ide.mcu.externaltools.gnu-tools-for-stm32.12.3.rel1.win32_1.1.0.202410251130/tools/bin/../lib/gcc/arm-none-eabi/12.3.1/../../../../arm-none-eabi/lib/thumb/v7-m/nofp/crt0.o (exit)
C:/Users/USER/STM32CubeIDE_1.17.0/STM32CubeIDE/plugins/com.st.stm32cube.ide.mcu.externaltools.gnu-tools-for-stm32.12.3.rel1.win32_1.1.0.202410251130/tools/bin/../lib/gcc/arm-none-eabi/12.3.1/../../../../arm-none-eabi/lib/thumb/v7-m/nofp\libc_nano.a(libc_a-findfp.o)
                              C:/Users/USER/STM32CubeIDE_1.17.0/STM32CubeIDE/plugins/com.st.stm32cube.ide.mcu.externaltools.gnu-tools-for-stm32.12.3.rel1.win32_1.1.0.202410251130/tools/bin/../lib/gcc/arm-none-eabi/12.3.1/../../../../arm-none-eabi/lib/thumb/v7-m/nofp\libc_nano.a(libc_a-exit.o) (__stdio_exit_handler)
C:/Users/USER/STM32CubeIDE_1.17.0/STM32CubeIDE/plugins/com.st.stm32cube.ide.mcu.externaltools.gnu-tools-for-stm32.12.3.rel1.win32_1.1.0.202410251130/tools/bin/../lib/gcc/arm-none-eabi/12.3.1/../../../../arm-none-eabi/lib/thumb/v7-m/nofp\libc_nano.a(libc_a-fwalk.o)
                              C:/Users/USER/STM32CubeIDE_1.17.0/STM32CubeIDE/plugins/com.st.stm32cube.ide.mcu.externaltools.gnu-tools-for-stm32.12.3.rel1.win32_1.1.0.202410251130/tools/bin/../lib/gcc/arm-none-eabi/12.3.1/../../../../arm-none-eabi/lib/thumb/v7-m/nofp\libc_nano.a(libc_a-findfp.o) (_fwalk_sglue)
C:/Users/USER/STM32CubeIDE_1.17.0/STM32CubeIDE/plugins/com.st.stm32cube.ide.mcu.externaltools.gnu-tools-for-stm32.12.3.rel1.win32_1.1.0.202410251130/tools/bin/../lib/gcc/arm-none-eabi/12.3.1/../../../../arm-none-eabi/lib/thumb/v7-m/nofp\libc_nano.a(libc_a-stdio.o)
                              C:/Users/USER/STM32CubeIDE_1.17.0/STM32CubeIDE/plugins/com.st.stm32cube.ide.mcu.externaltools.gnu-tools-for-stm32.12.3.rel1.win32_1.1.0.202410251130/tools/bin/../lib/gcc/arm-none-eabi/12.3.1/../../../../arm-none-eabi/lib/thumb/v7-m/nofp\libc_nano.a(libc_a-findfp.o) (__sread)
C:/Users/USER/STM32CubeIDE_1.17.0/STM32CubeIDE/plugins/com.st.stm32cube.ide.mcu.externaltools.gnu-tools-for-stm32.12.3.rel1.win32_1.1.0.202410251130/tools/bin/../lib/gcc/arm-none-eabi/12.3.1/../../../../arm-none-eabi/lib/thumb/v7-m/nofp\libc_nano.a(libc_a-memset.o)
                              C:/Users/USER/STM32CubeIDE_1.17.0/STM32CubeIDE/plugins/com.st.stm32cube.ide.mcu.externaltools.gnu-tools-for-stm32.12.3.rel1.win32_1.1.0.202410251130/tools/bin/../lib/gcc/arm-none-eabi/12.3.1/../../../../arm-none-eabi/lib/thumb/v7-m/nofp/crt0.o (memset)
C:/Users/USER/STM32CubeIDE_1.17.0/STM32CubeIDE/plugins/com.st.stm32cube.ide.mcu.externaltools.gnu-tools-for-stm32.12.3.rel1.win32_1.1.0.202410251130/tools/bin/../lib/gcc/arm-none-eabi/12.3.1/../../../../arm-none-eabi/lib/thumb/v7-m/nofp\libc_nano.a(libc_a-closer.o)
                              C:/Users/USER/STM32CubeIDE_1.17.0/STM32CubeIDE/plugins/com.st.stm32cube.ide.mcu.externaltools.gnu-tools-for-stm32.12.3.rel1.win32_1.1.0.202410251130/tools/bin/../lib/gcc/arm-none-eabi/12.3.1/../../../../arm-none-eabi/lib/thumb/v7-m/nofp\libc_nano.a(libc_a-stdio.o) (_close_r)
C:/Users/USER/STM32CubeIDE_1.17.0/STM32CubeIDE/plugins/com.st.stm32cube.ide.mcu.externaltools.gnu-tools-for-stm32.12.3.rel1.win32_1.1.0.202410251130/tools/bin/../lib/gcc/arm-none-eabi/12.3.1/../../../../arm-none-eabi/lib/thumb/v7-m/nofp\libc_nano.a(libc_a-reent.o)
                              C:/Users/USER/STM32CubeIDE_1.17.0/STM32CubeIDE/plugins/com.st.stm32cube.ide.mcu.externaltools.gnu-tools-for-stm32.12.3.rel1.win32_1.1.0.202410251130/tools/bin/../lib/gcc/arm-none-eabi/12.3.1/../../../../arm-none-eabi/lib/thumb/v7-m/nofp\libc_nano.a(libc_a-closer.o) (errno)
C:/Users/USER/STM32CubeIDE_1.17.0/STM32CubeIDE/plugins/com.st.stm32cube.ide.mcu.externaltools.gnu-tools-for-stm32.12.3.rel1.win32_1.1.0.202410251130/tools/bin/../lib/gcc/arm-none-eabi/12.3.1/../../../../arm-none-eabi/lib/thumb/v7-m/nofp\libc_nano.a(libc_a-impure.o)
                              C:/Users/USER/STM32CubeIDE_1.17.0/STM32CubeIDE/plugins/com.st.stm32cube.ide.mcu.externaltools.gnu-tools-for-stm32.12.3.rel1.win32_1.1.0.202410251130/tools/bin/../lib/gcc/arm-none-eabi/12.3.1/../../../../arm-none-eabi/lib/thumb/v7-m/nofp\libc_nano.a(libc_a-reent.o) (_impure_ptr)
C:/Users/USER/STM32CubeIDE_1.17.0/STM32CubeIDE/plugins/com.st.stm32cube.ide.mcu.externaltools.gnu-tools-for-stm32.12.3.rel1.win32_1.1.0.202410251130/tools/bin/../lib/gcc/arm-none-eabi/12.3.1/../../../../arm-none-eabi/lib/thumb/v7-m/nofp\libc_nano.a(libc_a-lseekr.o)
[...]
Memory Configuration

Name             Origin             Length             Attributes
RAM              0x20000000         0x00005000         xrw
BOOT             0x08000000         0x00008000         xr
*default*        0x00000000         0xffffffff

Linker script and memory map

LOAD C:/Users/USER/STM32CubeIDE_1.17.0/STM32CubeIDE/plugins/com.st.stm32cube.ide.mcu.externaltools.gnu-tools-for-stm32.12.3.rel1.win32_1.1.0.202410251130/tools/bin/../lib/gcc/arm-none-eabi/12.3.1/thumb/v7-m/nofp/crti.o
LOAD C:/Users/USER/STM32CubeIDE_1.17.0/STM32CubeIDE/plugins/com.st.stm32cube.ide.mcu.externaltools.gnu-tools-for-stm32.12.3.rel1.win32_1.1.0.202410251130/tools/bin/../lib/gcc/arm-none-eabi/12.3.1/thumb/v7-m/nofp/crtbegin.o
LOAD C:/Users/USER/STM32CubeIDE_1.17.0/STM32CubeIDE/plugins/com.st.stm32cube.ide.mcu.externaltools.gnu-tools-for-stm32.12.3.rel1.win32_1.1.0.202410251130/tools/bin/../lib/gcc/arm-none-eabi/12.3.1/../../../../arm-none-eabi/lib/thumb/v7-m/nofp/crt0.o
LOAD ./Core/Src/boot.o
LOAD ./Core/Src/button.o
LOAD ./Core/Src/flash.o
LOAD ./Core/Src/gpio.o
LOAD ./Core/Src/main.o
LOAD ./Core/Src/reset.o
LOAD ./Core/Src/stm32f1xx_hal_msp.o
LOAD ./Core/Src/stm32f1xx_it.o
LOAD ./Core/Src/syscalls.o
LOAD ./Core/Src/sysmem.o
LOAD ./Core/Src/system_stm32f1xx.o
LOAD ./Core/Src/usart.o
LOAD ./Core/Startup/startup_stm32f103rbtx.o
LOAD ./Drivers/STM32F1xx_HAL_Driver/Src/stm32f1xx_hal.o
LOAD ./Drivers/STM32F1xx_HAL_Driver/Src/stm32f1xx_hal_cortex.o
LOAD ./Drivers/STM32F1xx_HAL_Driver/Src/stm32f1xx_hal_dma.o
LOAD ./Drivers/STM32F1xx_HAL_Driver/Src/stm32f1xx_hal_exti.o
LOAD ./Drivers/STM32F1xx_HAL_Driver/Src/stm32f1xx_hal_flash.o
LOAD ./Drivers/STM32F1xx_HAL_Driver/Src/stm32f1xx_hal_flash_ex.o
LOAD ./Drivers/STM32F1xx_HAL_Driver/Src/stm32f1xx_hal_gpio.o
LOAD ./Drivers/STM32F1xx_HAL_Driver/Src/stm32f1xx_hal_gpio_ex.o
LOAD ./Drivers/STM32F1xx_HAL_Driver/Src/stm32f1xx_hal_pwr.o
LOAD ./Drivers/STM32F1xx_HAL_Driver/Src/stm32f1xx_hal_rcc.o
LOAD ./Drivers/STM32F1xx_HAL_Driver/Src/stm32f1xx_hal_rcc_ex.o
LOAD ./Drivers/STM32F1xx_HAL_Driver/Src/stm32f1xx_hal_uart.o
START GROUP
LOAD C:/Users/USER/STM32CubeIDE_1.17.0/STM32CubeIDE/plugins/com.st.stm32cube.ide.mcu.externaltools.gnu-tools-for-stm32.12.3.rel1.win32_1.1.0.202410251130/tools/bin/../lib/gcc/arm-none-eabi/12.3.1/../../../../arm-none-eabi/lib/thumb/v7-m/nofp\libc_nano.a
LOAD C:/Users/USER/STM32CubeIDE_1.17.0/STM32CubeIDE/plugins/com.st.stm32cube.ide.mcu.externaltools.gnu-tools-for-stm32.12.3.rel1.win32_1.1.0.202410251130/tools/bin/../lib/gcc/arm-none-eabi/12.3.1/../../../../arm-none-eabi/lib/thumb/v7-m/nofp\libm.a
END GROUP
START GROUP
LOAD C:/Users/USER/STM32CubeIDE_1.17.0/STM32CubeIDE/plugins/com.st.stm32cube.ide.mcu.externaltools.gnu-tools-for-stm32.12.3.rel1.win32_1.1.0.202410251130/tools/bin/../lib/gcc/arm-none-eabi/12.3.1/thumb/v7-m/nofp\libgcc.a
LOAD C:/Users/USER/STM32CubeIDE_1.17.0/STM32CubeIDE/plugins/com.st.stm32cube.ide.mcu.externaltools.gnu-tools-for-stm32.12.3.rel1.win32_1.1.0.202410251130/tools/bin/../lib/gcc/arm-none-eabi/12.3.1/../../../../arm-none-eabi/lib/thumb/v7-m/nofp\libc_nano.a
END GROUP
START GROUP
LOAD C:/Users/USER/STM32CubeIDE_1.17.0/STM32CubeIDE/plugins/com.st.stm32cube.ide.mcu.externaltools.gnu-tools-for-stm32.12.3.rel1.win32_1.1.0.202410251130/tools/bin/../lib/gcc/arm-none-eabi/12.3.1/thumb/v7-m/nofp\libgcc.a
LOAD C:/Users/USER/STM32CubeIDE_1.17.0/STM32CubeIDE/plugins/com.st.stm32cube.ide.mcu.externaltools.gnu-tools-for-stm32.12.3.rel1.win32_1.1.0.202410251130/tools/bin/../lib/gcc/arm-none-eabi/12.3.1/../../../../arm-none-eabi/lib/thumb/v7-m/nofp\libc_nano.a
LOAD C:/Users/USER/STM32CubeIDE_1.17.0/STM32CubeIDE/plugins/com.st.stm32cube.ide.mcu.externaltools.gnu-tools-for-stm32.12.3.rel1.win32_1.1.0.202410251130/tools/bin/../lib/gcc/arm-none-eabi/12.3.1/../../../../arm-none-eabi/lib/thumb/v7-m/nofp\libnosys.a
END GROUP
START GROUP
LOAD C:/Users/USER/STM32CubeIDE_1.17.0/STM32CubeIDE/plugins/com.st.stm32cube.ide.mcu.externaltools.gnu-tools-for-stm32.12.3.rel1.win32_1.1.0.202410251130/tools/bin/../lib/gcc/arm-none-eabi/12.3.1/thumb/v7-m/nofp\libgcc.a
LOAD C:/Users/USER/STM32CubeIDE_1.17.0/STM32CubeIDE/plugins/com.st.stm32cube.ide.mcu.externaltools.gnu-tools-for-stm32.12.3.rel1.win32_1.1.0.202410251130/tools/bin/../lib/gcc/arm-none-eabi/12.3.1/../../../../arm-none-eabi/lib/thumb/v7-m/nofp\libc_nano.a
LOAD C:/Users/USER/STM32CubeIDE_1.17.0/STM32CubeIDE/plugins/com.st.stm32cube.ide.mcu.externaltools.gnu-tools-for-stm32.12.3.rel1.win32_1.1.0.202410251130/tools/bin/../lib/gcc/arm-none-eabi/12.3.1/../../../../arm-none-eabi/lib/thumb/v7-m/nofp\libnosys.a
END GROUP
LOAD C:/Users/USER/STM32CubeIDE_1.17.0/STM32CubeIDE/plugins/com.st.stm32cube.ide.mcu.externaltools.gnu-tools-for-stm32.12.3.rel1.win32_1.1.0.202410251130/tools/bin/../lib/gcc/arm-none-eabi/12.3.1/thumb/v7-m/nofp/crtend.o
LOAD C:/Users/USER/STM32CubeIDE_1.17.0/STM32CubeIDE/plugins/com.st.stm32cube.ide.mcu.externaltools.gnu-tools-for-stm32.12.3.rel1.win32_1.1.0.202410251130/tools/bin/../lib/gcc/arm-none-eabi/12.3.1/thumb/v7-m/nofp/crtn.o
                0x20005000                        _estack = (ORIGIN (RAM) + LENGTH (RAM))
                0x00000200                        _Min_Heap_Size = 0x200
                0x00000400                        _Min_Stack_Size = 0x400

.isr_vector     0x08000000      0x10c
                0x08000000                        . = ALIGN (0x4)
 *(.isr_vector)
 .isr_vector    0x08000000      0x10c ./Core/Startup/startup_stm32f103rbtx.o
                0x08000000                g_pfnVectors
                0x0800010c                        . = ALIGN (0x4)

.text           0x0800010c     0x239c
                0x0800010c                        . = ALIGN (0x4)
 *(.text)
 .text          0x0800010c       0x40 C:/Users/USER/STM32CubeIDE_1.17.0/STM32CubeIDE/plugins/com.st.stm32cube.ide.mcu.externaltools.gnu-tools-for-stm32.12.3.rel1.win32_1.1.0.202410251130/tools/bin/../lib/gcc/arm-none-eabi/12.3.1/thumb/v7-m/nofp/crtbegin.o
 *(.text*)
 .text.bootInit
                0x0800014c       0x54 ./Core/Src/boot.o
                0x0800014c                bootInit
 .text.bootVerifyFirm
                0x080001a0      0x104 ./Core/Src/boot.o
                0x080001a0                bootVerifyFirm
 .text.bootUpdateFirm
                0x080002a4      0x130 ./Core/Src/boot.o
                0x080002a4                bootUpdateFirm
 .text.bootJumpFirm
                0x080003d4       0x94 ./Core/Src/boot.o
                0x080003d4                bootJumpFirm
 .text.button_get_state
                0x08000468      0x12c ./Core/Src/button.o
                0x08000468                button_get_state
 .text.buttonGetPressed
                0x08000594       0x6c ./Core/Src/button.o
                0x08000594                buttonGetPressed
 .text.flashInit
                0x08000600       0x48 ./Core/Src/flash.o
                0x08000600                flashInit
 .text.flashErase
                0x08000648       0xac ./Core/Src/flash.o
                0x08000648                flashErase
 .text.flashWrite
                0x080006f4       0x8e ./Core/Src/flash.o
                0x080006f4                flashWrite
 .text.flashRead
                0x08000782       0x22 ./Core/Src/flash.o
                0x08000782                flashRead
 .text.flashInSector
                0x080007a4       0xb0 ./Core/Src/flash.o
 .text.MX_GPIO_Init
                0x08000854       0xdc ./Core/Src/gpio.o
                0x08000854                MX_GPIO_Init
 .text.main     0x08000930       0xe8 ./Core/Src/main.o
                0x08000930                main
 .text.SystemClock_Config
                0x08000a18       0x8a ./Core/Src/main.o
                0x08000a18                SystemClock_Config
 *fill*         0x08000aa2        0x2 
 .text.ConfigureBackupDomain
                0x08000aa4       0x7c ./Core/Src/main.o
                0x08000aa4                ConfigureBackupDomain
 .text.Error_Handler
                0x08000b20        0xc ./Core/Src/main.o
                0x08000b20                Error_Handler
 .text.resetInit
                0x08000b2c       0x70 ./Core/Src/reset.o
                0x08000b2c                resetInit
 .text.resetToBoot
                0x08000b9c       0x12 ./Core/Src/reset.o
                0x08000b9c                resetToBoot
 .text.resetToReset
                0x08000bae        0xc ./Core/Src/reset.o
                0x08000bae                resetToReset
 *fill*         0x08000bba        0x2 
 .text.resetSetBootMode
                0x08000bbc       0x28 ./Core/Src/reset.o
                0x08000bbc                resetSetBootMode
 .text.resetGetBootMode
                0x08000be4       0x14 ./Core/Src/reset.o
                0x08000be4                resetGetBootMode
 .text.HAL_MspInit
                0x08000bf8       0x64 ./Core/Src/stm32f1xx_hal_msp.o
                0x08000bf8                HAL_MspInit
 .text.NMI_Handler
                0x08000c5c        0x8 ./Core/Src/stm32f1xx_it.o
                0x08000c5c                NMI_Handler
 .text.HardFault_Handler
                0x08000c64        0x8 ./Core/Src/stm32f1xx_it.o
                0x08000c64                HardFault_Handler
 .text.MemManage_Handler
                0x08000c6c        0x8 ./Core/Src/stm32f1xx_it.o
                0x08000c6c                MemManage_Handler
 .text.BusFault_Handler
                0x08000c74        0x8 ./Core/Src/stm32f1xx_it.o
                0x08000c74                BusFault_Handler
 .text.UsageFault_Handler
                0x08000c7c        0x8 ./Core/Src/stm32f1xx_it.o
                0x08000c7c                UsageFault_Handler
 .text.SVC_Handler
                0x08000c84        0xc ./Core/Src/stm32f1xx_it.o
                0x08000c84                SVC_Handler
 .text.DebugMon_Handler
                0x08000c90        0xc ./Core/Src/stm32f1xx_it.o
                0x08000c90                DebugMon_Handler
 .text.PendSV_Handler
                0x08000c9c        0xc ./Core/Src/stm32f1xx_it.o
                0x08000c9c                PendSV_Handler
 .text.SysTick_Handler
                0x08000ca8        0xc ./Core/Src/stm32f1xx_it.o
                0x08000ca8                SysTick_Handler
 .text.EXTI15_10_IRQHandler
                0x08000cb4       0x10 ./Core/Src/stm32f1xx_it.o
                0x08000cb4                EXTI15_10_IRQHandler
 .text.SystemInit
                0x08000cc4        0xc ./Core/Src/system_stm32f1xx.o
                0x08000cc4                SystemInit
 .text.MX_USART2_UART_Init
                0x08000cd0       0x54 ./Core/Src/usart.o
                0x08000cd0                MX_USART2_UART_Init
 .text.HAL_UART_MspInit
                0x08000d24       0x7c ./Core/Src/usart.o
                0x08000d24                HAL_UART_MspInit
 .text.Reset_Handler
                0x08000da0       0x48 ./Core/Startup/startup_stm32f103rbtx.o
                0x08000da0                Reset_Handler
 .text.Default_Handler
                0x08000de8        0x2 ./Core/Startup/startup_stm32f103rbtx.o
                0x08000de8                RTC_Alarm_IRQHandler
                0x08000de8                EXTI2_IRQHandler
                0x08000de8                TIM1_CC_IRQHandler
                0x08000de8                PVD_IRQHandler
                0x08000de8                EXTI3_IRQHandler
                0x08000de8                EXTI0_IRQHandler
                0x08000de8                I2C2_EV_IRQHandler
                0x08000de8                ADC1_2_IRQHandler
                0x08000de8                SPI1_IRQHandler
                0x08000de8                TAMPER_IRQHandler
                0x08000de8                DMA1_Channel4_IRQHandler
                0x08000de8                USART3_IRQHandler
                0x08000de8                RTC_IRQHandler
                0x08000de8                DMA1_Channel7_IRQHandler
                0x08000de8                CAN1_RX1_IRQHandler
                0x08000de8                TIM4_IRQHandler
                0x08000de8                I2C1_EV_IRQHandler
                0x08000de8                DMA1_Channel6_IRQHandler
                0x08000de8                TIM3_IRQHandler
                0x08000de8                RCC_IRQHandler
                0x08000de8                TIM1_TRG_COM_IRQHandler
                0x08000de8                DMA1_Channel1_IRQHandler
                0x08000de8                Default_Handler
                0x08000de8                EXTI9_5_IRQHandler
                0x08000de8                SPI2_IRQHandler
                0x08000de8                DMA1_Channel5_IRQHandler
                0x08000de8                EXTI4_IRQHandler
                0x08000de8                USB_LP_CAN1_RX0_IRQHandler
                0x08000de8                USB_HP_CAN1_TX_IRQHandler
                0x08000de8                DMA1_Channel3_IRQHandler
                0x08000de8                TIM1_UP_IRQHandler
                0x08000de8                WWDG_IRQHandler
                0x08000de8                TIM2_IRQHandler
                0x08000de8                TIM1_BRK_IRQHandler
                0x08000de8                EXTI1_IRQHandler
                0x08000de8                USART2_IRQHandler
                0x08000de8                I2C2_ER_IRQHandler
                0x08000de8                DMA1_Channel2_IRQHandler
                0x08000de8                CAN1_SCE_IRQHandler
                0x08000de8                FLASH_IRQHandler
                0x08000de8                USART1_IRQHandler
                0x08000de8                I2C1_ER_IRQHandler
                0x08000de8                USBWakeUp_IRQHandler
 *fill*         0x08000dea        0x2 
 .text.HAL_Init
                0x08000dec       0x2c ./Drivers/STM32F1xx_HAL_Driver/Src/stm32f1xx_hal.o
                0x08000dec                HAL_Init
 .text.HAL_InitTick
                0x08000e18       0x60 ./Drivers/STM32F1xx_HAL_Driver/Src/stm32f1xx_hal.o
                0x08000e18                HAL_InitTick
 .text.HAL_IncTick
                0x08000e78       0x24 ./Drivers/STM32F1xx_HAL_Driver/Src/stm32f1xx_hal.o
                0x08000e78                HAL_IncTick
 .text.HAL_GetTick
                0x08000e9c       0x14 ./Drivers/STM32F1xx_HAL_Driver/Src/stm32f1xx_hal.o
                0x08000e9c                HAL_GetTick
 .text.HAL_Delay
                0x08000eb0       0x48 ./Drivers/STM32F1xx_HAL_Driver/Src/stm32f1xx_hal.o
                0x08000eb0                HAL_Delay
 .text.__NVIC_SetPriorityGrouping
                0x08000ef8       0x48 ./Drivers/STM32F1xx_HAL_Driver/Src/stm32f1xx_hal_cortex.o
 .text.__NVIC_GetPriorityGrouping
                0x08000f40       0x1c ./Drivers/STM32F1xx_HAL_Driver/Src/stm32f1xx_hal_cortex.o
 .text.__NVIC_EnableIRQ
                0x08000f5c       0x38 ./Drivers/STM32F1xx_HAL_Driver/Src/stm32f1xx_hal_cortex.o
 .text.__NVIC_SetPriority
                0x08000f94       0x54 ./Drivers/STM32F1xx_HAL_Driver/Src/stm32f1xx_hal_cortex.o
 .text.NVIC_EncodePriority
                0x08000fe8       0x64 ./Drivers/STM32F1xx_HAL_Driver/Src/stm32f1xx_hal_cortex.o
 .text.__NVIC_SystemReset
                0x0800104c       0x2c ./Drivers/STM32F1xx_HAL_Driver/Src/stm32f1xx_hal_cortex.o
 .text.SysTick_Config
                0x08001078       0x44 ./Drivers/STM32F1xx_HAL_Driver/Src/stm32f1xx_hal_cortex.o
 .text.HAL_NVIC_SetPriorityGrouping
                0x080010bc       0x16 ./Drivers/STM32F1xx_HAL_Driver/Src/stm32f1xx_hal_cortex.o
                0x080010bc                HAL_NVIC_SetPriorityGrouping
 .text.HAL_NVIC_SetPriority
                0x080010d2       0x38 ./Drivers/STM32F1xx_HAL_Driver/Src/stm32f1xx_hal_cortex.o
                0x080010d2                HAL_NVIC_SetPriority
 .text.HAL_NVIC_EnableIRQ
                0x0800110a       0x1c ./Drivers/STM32F1xx_HAL_Driver/Src/stm32f1xx_hal_cortex.o
                0x0800110a                HAL_NVIC_EnableIRQ
 .text.HAL_NVIC_SystemReset
                0x08001126        0x8 ./Drivers/STM32F1xx_HAL_Driver/Src/stm32f1xx_hal_cortex.o
                0x08001126                HAL_NVIC_SystemReset
 .text.HAL_SYSTICK_Config
                0x0800112e       0x18 ./Drivers/STM32F1xx_HAL_Driver/Src/stm32f1xx_hal_cortex.o
                0x0800112e                HAL_SYSTICK_Config
 *fill*         0x08001146        0x2 
 .text.HAL_FLASH_Program
                0x08001148       0xe0 ./Drivers/STM32F1xx_HAL_Driver/Src/stm32f1xx_hal_flash.o
                0x08001148                HAL_FLASH_Program
 .text.HAL_FLASH_Unlock
                0x08001228       0x4c ./Drivers/STM32F1xx_HAL_Driver/Src/stm32f1xx_hal_flash.o
                0x08001228                HAL_FLASH_Unlock
 .text.HAL_FLASH_Lock
                0x08001274       0x20 ./Drivers/STM32F1xx_HAL_Driver/Src/stm32f1xx_hal_flash.o
                0x08001274                HAL_FLASH_Lock
 .text.FLASH_Program_HalfWord
                0x08001294       0x38 ./Drivers/STM32F1xx_HAL_Driver/Src/stm32f1xx_hal_flash.o
 .text.FLASH_WaitForLastOperation
                0x080012cc       0x8c ./Drivers/STM32F1xx_HAL_Driver/Src/stm32f1xx_hal_flash.o
                0x080012cc                FLASH_WaitForLastOperation
 .text.FLASH_SetErrorCode
                0x08001358       0xa0 ./Drivers/STM32F1xx_HAL_Driver/Src/stm32f1xx_hal_flash.o
 .text.HAL_FLASHEx_Erase
                0x080013f8       0xd8 ./Drivers/STM32F1xx_HAL_Driver/Src/stm32f1xx_hal_flash_ex.o
                0x080013f8                HAL_FLASHEx_Erase
 .text.FLASH_MassErase
                0x080014d0       0x38 ./Drivers/STM32F1xx_HAL_Driver/Src/stm32f1xx_hal_flash_ex.o
 .text.FLASH_PageErase
                0x08001508       0x40 ./Drivers/STM32F1xx_HAL_Driver/Src/stm32f1xx_hal_flash_ex.o
                0x08001508                FLASH_PageErase
 .text.HAL_GPIO_Init
                0x08001548      0x308 ./Drivers/STM32F1xx_HAL_Driver/Src/stm32f1xx_hal_gpio.o
                0x08001548                HAL_GPIO_Init
 .text.HAL_GPIO_ReadPin
                0x08001850       0x2e ./Drivers/STM32F1xx_HAL_Driver/Src/stm32f1xx_hal_gpio.o
                0x08001850                HAL_GPIO_ReadPin
 .text.HAL_GPIO_WritePin
                0x0800187e       0x30 ./Drivers/STM32F1xx_HAL_Driver/Src/stm32f1xx_hal_gpio.o
                0x0800187e                HAL_GPIO_WritePin
 *fill*         0x080018ae        0x2 
 .text.HAL_GPIO_EXTI_IRQHandler
                0x080018b0       0x30 ./Drivers/STM32F1xx_HAL_Driver/Src/stm32f1xx_hal_gpio.o
                0x080018b0                HAL_GPIO_EXTI_IRQHandler
 .text.HAL_GPIO_EXTI_Callback
                0x080018e0       0x14 ./Drivers/STM32F1xx_HAL_Driver/Src/stm32f1xx_hal_gpio.o
                0x080018e0                HAL_GPIO_EXTI_Callback
 .text.HAL_PWR_EnableBkUpAccess
                0x080018f4       0x18 ./Drivers/STM32F1xx_HAL_Driver/Src/stm32f1xx_hal_pwr.o
                0x080018f4                HAL_PWR_EnableBkUpAccess
 .text.HAL_RCC_DeInit
                0x0800190c      0x134 ./Drivers/STM32F1xx_HAL_Driver/Src/stm32f1xx_hal_rcc.o
                0x0800190c                HAL_RCC_DeInit
 .text.HAL_RCC_OscConfig
                0x08001a40      0x504 ./Drivers/STM32F1xx_HAL_Driver/Src/stm32f1xx_hal_rcc.o
                0x08001a40                HAL_RCC_OscConfig
 .text.HAL_RCC_ClockConfig
                0x08001f44      0x1d4 ./Drivers/STM32F1xx_HAL_Driver/Src/stm32f1xx_hal_rcc.o
                0x08001f44                HAL_RCC_ClockConfig
 .text.HAL_RCC_GetSysClockFreq
                0x08002118       0xa8 ./Drivers/STM32F1xx_HAL_Driver/Src/stm32f1xx_hal_rcc.o
                0x08002118                HAL_RCC_GetSysClockFreq
 .text.HAL_RCC_GetHCLKFreq
                0x080021c0       0x14 ./Drivers/STM32F1xx_HAL_Driver/Src/stm32f1xx_hal_rcc.o
                0x080021c0                HAL_RCC_GetHCLKFreq
 .text.HAL_RCC_GetPCLK1Freq
                0x080021d4       0x28 ./Drivers/STM32F1xx_HAL_Driver/Src/stm32f1xx_hal_rcc.o
                0x080021d4                HAL_RCC_GetPCLK1Freq
 .text.HAL_RCC_GetPCLK2Freq
                0x080021fc       0x28 ./Drivers/STM32F1xx_HAL_Driver/Src/stm32f1xx_hal_rcc.o
                0x080021fc                HAL_RCC_GetPCLK2Freq
 .text.RCC_Delay
                0x08002224       0x3c ./Drivers/STM32F1xx_HAL_Driver/Src/stm32f1xx_hal_rcc.o
 .text.HAL_UART_Init
                0x08002260       0xa0 ./Drivers/STM32F1xx_HAL_Driver/Src/stm32f1xx_hal_uart.o
                0x08002260                HAL_UART_Init
 .text.UART_SetConfig
                0x08002300      0x11c ./Drivers/STM32F1xx_HAL_Driver/Src/stm32f1xx_hal_uart.o
 .text.memset   0x0800241c       0x10 C:/Users/USER/STM32CubeIDE_1.17.0/STM32CubeIDE/plugins/com.st.stm32cube.ide.mcu.externaltools.gnu-tools-for-stm32.12.3.rel1.win32_1.1.0.202410251130/tools/bin/../lib/gcc/arm-none-eabi/12.3.1/../../../../arm-none-eabi/lib/thumb/v7-m/nofp\libc_nano.a(libc_a-memset.o)
                0x0800241c                memset
 .text.__libc_init_array
                0x0800242c       0x48 C:/Users/USER/STM32CubeIDE_1.17.0/STM32CubeIDE/plugins/com.st.stm32cube.ide.mcu.externaltools.gnu-tools-for-stm32.12.3.rel1.win32_1.1.0.202410251130/tools/bin/../lib/gcc/arm-none-eabi/12.3.1/../../../../arm-none-eabi/lib/thumb/v7-m/nofp\libc_nano.a(libc_a-init.o)
                0x0800242c                __libc_init_array
 .text.memcpy   0x08002474       0x1c C:/Users/USER/STM32CubeIDE_1.17.0/STM32CubeIDE/plugins/com.st.stm32cube.ide.mcu.externaltools.gnu-tools-for-stm32.12.3.rel1.win32_1.1.0.202410251130/tools/bin/../lib/gcc/arm-none-eabi/12.3.1/../../../../arm-none-eabi/lib/thumb/v7-m/nofp\libc_nano.a(libc_a-memcpy-stub.o)
                0x08002474                memcpy
 *(.glue_7)
 .glue_7        0x08002490        0x0 linker stubs
 *(.glue_7t)
 .glue_7t       0x08002490        0x0 linker stubs
 *(.eh_frame)
 .eh_frame      0x08002490        0x0 C:/Users/USER/STM32CubeIDE_1.17.0/STM32CubeIDE/plugins/com.st.stm32cube.ide.mcu.externaltools.gnu-tools-for-stm32.12.3.rel1.win32_1.1.0.202410251130/tools/bin/../lib/gcc/arm-none-eabi/12.3.1/thumb/v7-m/nofp/crtbegin.o
 *(.init)
 .init          0x08002490        0x4 C:/Users/USER/STM32CubeIDE_1.17.0/STM32CubeIDE/plugins/com.st.stm32cube.ide.mcu.externaltools.gnu-tools-for-stm32.12.3.rel1.win32_1.1.0.202410251130/tools/bin/../lib/gcc/arm-none-eabi/12.3.1/thumb/v7-m/nofp/crti.o
                0x08002490                _init
 .init          0x08002494        0x8 C:/Users/USER/STM32CubeIDE_1.17.0/STM32CubeIDE/plugins/com.st.stm32cube.ide.mcu.externaltools.gnu-tools-for-stm32.12.3.rel1.win32_1.1.0.202410251130/tools/bin/../lib/gcc/arm-none-eabi/12.3.1/thumb/v7-m/nofp/crtn.o
 *(.fini)
 .fini          0x0800249c        0x4 C:/Users/USER/STM32CubeIDE_1.17.0/STM32CubeIDE/plugins/com.st.stm32cube.ide.mcu.externaltools.gnu-tools-for-stm32.12.3.rel1.win32_1.1.0.202410251130/tools/bin/../lib/gcc/arm-none-eabi/12.3.1/thumb/v7-m/nofp/crti.o
                0x0800249c                _fini
 .fini          0x080024a0        0x8 C:/Users/USER/STM32CubeIDE_1.17.0/STM32CubeIDE/plugins/com.st.stm32cube.ide.mcu.externaltools.gnu-tools-for-stm32.12.3.rel1.win32_1.1.0.202410251130/tools/bin/../lib/gcc/arm-none-eabi/12.3.1/thumb/v7-m/nofp/crtn.o
                0x080024a8                        . = ALIGN (0x4)
                0x080024a8                        _etext = .

.vfp11_veneer   0x080024a8        0x0
 .vfp11_veneer  0x080024a8        0x0 linker stubs

.v4_bx          0x080024a8        0x0
 .v4_bx         0x080024a8        0x0 linker stubs

.iplt           0x080024a8        0x0
 .iplt          0x080024a8        0x0 C:/Users/USER/STM32CubeIDE_1.17.0/STM32CubeIDE/plugins/com.st.stm32cube.ide.mcu.externaltools.gnu-tools-for-stm32.12.3.rel1.win32_1.1.0.202410251130/tools/bin/../lib/gcc/arm-none-eabi/12.3.1/thumb/v7-m/nofp/crtbegin.o

.rodata         0x080024a8      0x42c
                0x080024a8                        . = ALIGN (0x4)
 *(.rodata)
 *(.rodata*)
 .rodata.crc_table
                0x080024a8      0x400 ./Core/Src/boot.o
 .rodata.AHBPrescTable
                0x080028a8       0x10 ./Core/Src/system_stm32f1xx.o
                0x080028a8                AHBPrescTable
 .rodata.APBPrescTable
                0x080028b8        0x8 ./Core/Src/system_stm32f1xx.o
                0x080028b8                APBPrescTable
 .rodata.aPLLMULFactorTable.1
                0x080028c0       0x10 ./Drivers/STM32F1xx_HAL_Driver/Src/stm32f1xx_hal_rcc.o
 .rodata.aPredivFactorTable.0
                0x080028d0        0x2 ./Drivers/STM32F1xx_HAL_Driver/Src/stm32f1xx_hal_rcc.o
                0x080028d4                        . = ALIGN (0x4)
 *fill*         0x080028d2        0x2 

.ARM.extab      0x080028d4        0x0
                0x080028d4                        . = ALIGN (0x4)
 *(.ARM.extab* .gnu.linkonce.armextab.*)
                0x080028d4                        . = ALIGN (0x4)

.ARM            0x080028d4        0x0
                0x080028d4                        . = ALIGN (0x4)
                0x080028d4                        __exidx_start = .
 *(.ARM.exidx*)
                0x080028d4                        __exidx_end = .
                0x080028d4                        . = ALIGN (0x4)

.preinit_array  0x080028d4        0x0
                0x080028d4                        . = ALIGN (0x4)
                0x080028d4                        PROVIDE (__preinit_array_start = .)
 *(.preinit_array*)
                0x080028d4                        PROVIDE (__preinit_array_end = .)
                0x080028d4                        . = ALIGN (0x4)

.init_array     0x080028d4        0x4
                0x080028d4                        . = ALIGN (0x4)
                0x080028d4                        PROVIDE (__init_array_start = .)
 *(SORT_BY_NAME(.init_array.*))
 *(.init_array*)
 .init_array    0x080028d4        0x4 C:/Users/USER/STM32CubeIDE_1.17.0/STM32CubeIDE/plugins/com.st.stm32cube.ide.mcu.externaltools.gnu-tools-for-stm32.12.3.rel1.win32_1.1.0.202410251130/tools/bin/../lib/gcc/arm-none-eabi/12.3.1/thumb/v7-m/nofp/crtbegin.o
                0x080028d8                        PROVIDE (__init_array_end = .)
                0x080028d8                        . = ALIGN (0x4)

.fini_array     0x080028d8        0x4
                0x080028d8                        . = ALIGN (0x4)
                [!provide]                        PROVIDE (__fini_array_start = .)
 *(SORT_BY_NAME(.fini_array.*))
 *(.fini_array*)
 .fini_array    0x080028d8        0x4 C:/Users/USER/STM32CubeIDE_1.17.0/STM32CubeIDE/plugins/com.st.stm32cube.ide.mcu.externaltools.gnu-tools-for-stm32.12.3.rel1.win32_1.1.0.202410251130/tools/bin/../lib/gcc/arm-none-eabi/12.3.1/thumb/v7-m/nofp/crtbegin.o
                [!provide]                        PROVIDE (__fini_array_end = .)
                0x080028dc                        . = ALIGN (0x4)
                0x080028dc                        _sidata = LOADADDR (.data)

.rel.dyn        0x080028dc        0x0
 .rel.iplt      0x080028dc        0x0 C:/Users/USER/STM32CubeIDE_1.17.0/STM32CubeIDE/plugins/com.st.stm32cube.ide.mcu.externaltools.gnu-tools-for-stm32.12.3.rel1.win32_1.1.0.202410251130/tools/bin/../lib/gcc/arm-none-eabi/12.3.1/thumb/v7-m/nofp/crtbegin.o

.data           0x20000000       0x1c load address 0x080028dc
                0x20000000                        . = ALIGN (0x4)
                0x20000000                        _sdata = .
 *(.data)
 *(.data*)
 .data.button_tbl
                0x20000000        0xc ./Core/Src/button.o
                0x20000000                button_tbl
 .data.is_run_fw
                0x2000000c        0x1 ./Core/Src/main.o
 *fill*         0x2000000d        0x3 
 .data.SystemCoreClock
                0x20000010        0x4 ./Core/Src/system_stm32f1xx.o
                0x20000010                SystemCoreClock
 .data.uwTickPrio
                0x20000014        0x4 ./Drivers/STM32F1xx_HAL_Driver/Src/stm32f1xx_hal.o
                0x20000014                uwTickPrio
 .data.uwTickFreq
                0x20000018        0x1 ./Drivers/STM32F1xx_HAL_Driver/Src/stm32f1xx_hal.o
                0x20000018                uwTickFreq
 *(.RamFunc)
 *(.RamFunc*)
                0x2000001c                        . = ALIGN (0x4)
 *fill*         0x20000019        0x3 
                0x2000001c                        _edata = .

.igot.plt       0x2000001c        0x0 load address 0x080028f8
 .igot.plt      0x2000001c        0x0 C:/Users/USER/STM32CubeIDE_1.17.0/STM32CubeIDE/plugins/com.st.stm32cube.ide.mcu.externaltools.gnu-tools-for-stm32.12.3.rel1.win32_1.1.0.202410251130/tools/bin/../lib/gcc/arm-none-eabi/12.3.1/thumb/v7-m/nofp/crtbegin.o
                0x2000001c                        . = ALIGN (0x4)

.bss            0x20000020      0x4a0 load address 0x080028f8
                0x20000020                        _sbss = .
                0x20000020                        __bss_start__ = _sbss
 *(.bss)
 .bss           0x20000020       0x1c C:/Users/USER/STM32CubeIDE_1.17.0/STM32CubeIDE/plugins/com.st.stm32cube.ide.mcu.externaltools.gnu-tools-for-stm32.12.3.rel1.win32_1.1.0.202410251130/tools/bin/../lib/gcc/arm-none-eabi/12.3.1/thumb/v7-m/nofp/crtbegin.o
 *(.bss*)
 .bss.button_last_raw
                0x2000003c        0x1 ./Core/Src/button.o
 *fill*         0x2000003d        0x3 
 .bss.button_stable
                0x20000040        0x1 ./Core/Src/button.o
 *fill*         0x20000041        0x3 
 .bss.button_last_time
                0x20000044        0x4 ./Core/Src/button.o
 .bss.flash_tbl
                0x20000048      0x400 ./Core/Src/flash.o
 .bss.is_update_fw
                0x20000448        0x1 ./Core/Src/main.o
 .bss.is_init   0x20000449        0x1 ./Core/Src/reset.o
 *fill*         0x2000044a        0x2 
 .bss.boot_mode
                0x2000044c        0x4 ./Core/Src/reset.o
 .bss.huart2    0x20000450       0x48 ./Core/Src/usart.o
                0x20000450                huart2
 .bss.uwTick    0x20000498        0x4 ./Drivers/STM32F1xx_HAL_Driver/Src/stm32f1xx_hal.o
                0x20000498                uwTick
 *fill*         0x2000049c        0x4 
 .bss.pFlash    0x200004a0       0x20 ./Drivers/STM32F1xx_HAL_Driver/Src/stm32f1xx_hal_flash.o
                0x200004a0                pFlash
 *(COMMON)
                0x200004c0                        . = ALIGN (0x4)
                0x200004c0                        _ebss = .
                0x200004c0                        __bss_end__ = _ebss

._user_heap_stack
                0x200004c0      0x600 load address 0x080028f8
                0x200004c0                        . = ALIGN (0x8)
                [!provide]                        PROVIDE (end = .)
                0x200004c0                        PROVIDE (_end = .)
                0x200006c0                        . = (. + _Min_Heap_Size)
 *fill*         0x200004c0      0x200 
                0x20000ac0                        . = (. + _Min_Stack_Size)
 *fill*         0x200006c0      0x400 
                0x20000ac0                        . = ALIGN (0x8)

/DISCARD/
 libc.a(*)
 libm.a(*)
 libgcc.a(*)

.ARM.attributes
                0x00000000       0x29
 *(.ARM.attributes)
 .ARM.attributes
                0x00000000       0x1d C:/Users/USER/STM32CubeIDE_1.17.0/STM32CubeIDE/plugins/com.st.stm32cube.ide.mcu.externaltools.gnu-tools-for-stm32.12.3.rel1.win32_1.1.0.202410251130/tools/bin/../lib/gcc/arm-none-eabi/12.3.1/thumb/v7-m/nofp/crti.o
 .ARM.attributes
                0x0000001d       0x2d C:/Users/USER/STM32CubeIDE_1.17.0/STM32CubeIDE/plugins/com.st.stm32cube.ide.mcu.externaltools.gnu-tools-for-stm32.12.3.rel1.win32_1.1.0.202410251130/tools/bin/../lib/gcc/arm-none-eabi/12.3.1/thumb/v7-m/nofp/crtbegin.o
 .ARM.attributes
                0x0000004a       0x2d ./Core/Src/boot.o
 .ARM.attributes
                0x00000077       0x2d ./Core/Src/button.o
 .ARM.attributes
                0x000000a4       0x2d ./Core/Src/flash.o
 .ARM.attributes
                0x000000d1       0x2d ./Core/Src/gpio.o
 .ARM.attributes
                0x000000fe       0x2d ./Core/Src/main.o
 .ARM.attributes
                0x0000012b       0x2d ./Core/Src/reset.o
 .ARM.attributes
                0x00000158       0x2d ./Core/Src/stm32f1xx_hal_msp.o
 .ARM.attributes
                0x00000185       0x2d ./Core/Src/stm32f1xx_it.o
 .ARM.attributes
                0x000001b2       0x2d ./Core/Src/system_stm32f1xx.o
 .ARM.attributes
                0x000001df       0x2d ./Core/Src/usart.o
 .ARM.attributes
                0x0000020c       0x21 ./Core/Startup/startup_stm32f103rbtx.o
 .ARM.attributes
                0x0000022d       0x2d ./Drivers/STM32F1xx_HAL_Driver/Src/stm32f1xx_hal.o
 .ARM.attributes
                0x0000025a       0x2d ./Drivers/STM32F1xx_HAL_Driver/Src/stm32f1xx_hal_cortex.o
 .ARM.attributes
                0x00000287       0x2d ./Drivers/STM32F1xx_HAL_Driver/Src/stm32f1xx_hal_flash.o
 .ARM.attributes
                0x000002b4       0x2d ./Drivers/STM32F1xx_HAL_Driver/Src/stm32f1xx_hal_flash_ex.o
 .ARM.attributes
                0x000002e1       0x2d ./Drivers/STM32F1xx_HAL_Driver/Src/stm32f1xx_hal_gpio.o
 .ARM.attributes
                0x0000030e       0x2d ./Drivers/STM32F1xx_HAL_Driver/Src/stm32f1xx_hal_pwr.o
 .ARM.attributes
                0x0000033b       0x2d ./Drivers/STM32F1xx_HAL_Driver/Src/stm32f1xx_hal_rcc.o
 .ARM.attributes
                0x00000368       0x2d ./Drivers/STM32F1xx_HAL_Driver/Src/stm32f1xx_hal_uart.o
 .ARM.attributes
                0x00000395       0x2d C:/Users/USER/STM32CubeIDE_1.17.0/STM32CubeIDE/plugins/com.st.stm32cube.ide.mcu.externaltools.gnu-tools-for-stm32.12.3.rel1.win32_1.1.0.202410251130/tools/bin/../lib/gcc/arm-none-eabi/12.3.1/../../../../arm-none-eabi/lib/thumb/v7-m/nofp\libc_nano.a(libc_a-memset.o)
 .ARM.attributes
                0x000003c2       0x2d C:/Users/USER/STM32CubeIDE_1.17.0/STM32CubeIDE/plugins/com.st.stm32cube.ide.mcu.externaltools.gnu-tools-for-stm32.12.3.rel1.win32_1.1.0.202410251130/tools/bin/../lib/gcc/arm-none-eabi/12.3.1/../../../../arm-none-eabi/lib/thumb/v7-m/nofp\libc_nano.a(libc_a-init.o)
 .ARM.attributes
                0x000003ef       0x2d C:/Users/USER/STM32CubeIDE_1.17.0/STM32CubeIDE/plugins/com.st.stm32cube.ide.mcu.externaltools.gnu-tools-for-stm32.12.3.rel1.win32_1.1.0.202410251130/tools/bin/../lib/gcc/arm-none-eabi/12.3.1/../../../../arm-none-eabi/lib/thumb/v7-m/nofp\libc_nano.a(libc_a-memcpy-stub.o)
 .ARM.attributes
                0x0000041c       0x1d C:/Users/USER/STM32CubeIDE_1.17.0/STM32CubeIDE/plugins/com.st.stm32cube.ide.mcu.externaltools.gnu-tools-for-stm32.12.3.rel1.win32_1.1.0.202410251130/tools/bin/../lib/gcc/arm-none-eabi/12.3.1/thumb/v7-m/nofp/crtn.o
OUTPUT(Bootloader.elf elf32-littlearm)
LOAD linker stubs
LOAD C:/Users/USER/STM32CubeIDE_1.17.0/STM32CubeIDE/plugins/com.st.stm32cube.ide.mcu.externaltools.gnu-tools-for-stm32.12.3.rel1.win32_1.1.0.202410251130/tools/bin/../lib/gcc/arm-none-eabi/12.3.1/../../../../arm-none-eabi/lib/thumb/v7-m/nofp\libc.a
LOAD C:/Users/USER/STM32CubeIDE_1.17.0/STM32CubeIDE/plugins/com.st.stm32cube.ide.mcu.externaltools.gnu-tools-for-stm32.12.3.rel1.win32_1.1.0.202410251130/tools/bin/../lib/gcc/arm-none-eabi/12.3.1/../../../../arm-none-eabi/lib/thumb/v7-m/nofp\libm.a
LOAD C:/Users/USER/STM32CubeIDE_1.17.0/STM32CubeIDE/plugins/com.st.stm32cube.ide.mcu.externaltools.gnu-tools-for-stm32.12.3.rel1.win32_1.1.0.202410251130/tools/bin/../lib/gcc/arm-none-eabi/12.3.1/thumb/v7-m/nofp\libgcc.a

.debug_info     0x00000000     0x8990
 .debug_info    0x00000000      0x62e ./Core/Src/boot.o
 .debug_info    0x0000062e      0x42d ./Core/Src/button.o
 .debug_info    0x00000a5b      0x481 ./Core/Src/flash.o
 .debug_info    0x00000edc      0x44e ./Core/Src/gpio.o
 .debug_info    0x0000132a      0x5ca ./Core/Src/main.o
 .debug_info    0x000018f4      0x2e7 ./Core/Src/reset.o
 .debug_info    0x00001bdb      0x1f1 ./Core/Src/stm32f1xx_hal_msp.o
 .debug_info    0x00001dcc      0x14b ./Core/Src/stm32f1xx_it.o
 .debug_info    0x00001f17      0x222 ./Core/Src/system_stm32f1xx.o
 .debug_info    0x00002139      0x798 ./Core/Src/usart.o
 .debug_info    0x000028d1       0x30 ./Core/Startup/startup_stm32f103rbtx.o
 .debug_info    0x00002901      0x704 ./Drivers/STM32F1xx_HAL_Driver/Src/stm32f1xx_hal.o
 .debug_info    0x00003005      0xa87 ./Drivers/STM32F1xx_HAL_Driver/Src/stm32f1xx_hal_cortex.o
 .debug_info    0x00003a8c      0x4f8 ./Drivers/STM32F1xx_HAL_Driver/Src/stm32f1xx_hal_flash.o
 .debug_info    0x00003f84      0x777 ./Drivers/STM32F1xx_HAL_Driver/Src/stm32f1xx_hal_flash_ex.o
 .debug_info    0x000046fb      0x5ab ./Drivers/STM32F1xx_HAL_Driver/Src/stm32f1xx_hal_gpio.o
 .debug_info    0x00004ca6      0x628 ./Drivers/STM32F1xx_HAL_Driver/Src/stm32f1xx_hal_pwr.o
 .debug_info    0x000052ce      0x7d5 ./Drivers/STM32F1xx_HAL_Driver/Src/stm32f1xx_hal_rcc.o
 .debug_info    0x00005aa3     0x2eed ./Drivers/STM32F1xx_HAL_Driver/Src/stm32f1xx_hal_uart.o

.debug_abbrev   0x00000000     0x229a
 .debug_abbrev  0x00000000      0x20b ./Core/Src/boot.o
 .debug_abbrev  0x0000020b      0x1e6 ./Core/Src/button.o
 .debug_abbrev  0x000003f1      0x181 ./Core/Src/flash.o
 .debug_abbrev  0x00000572      0x161 ./Core/Src/gpio.o
 .debug_abbrev  0x000006d3      0x26a ./Core/Src/main.o
 .debug_abbrev  0x0000093d      0x19e ./Core/Src/reset.o
 .debug_abbrev  0x00000adb       0xdb ./Core/Src/stm32f1xx_hal_msp.o
 .debug_abbrev  0x00000bb6       0xa0 ./Core/Src/stm32f1xx_it.o
 .debug_abbrev  0x00000c56      0x13f ./Core/Src/system_stm32f1xx.o
 .debug_abbrev  0x00000d95      0x1e6 ./Core/Src/usart.o
 .debug_abbrev  0x00000f7b       0x24 ./Core/Startup/startup_stm32f103rbtx.o
 .debug_abbrev  0x00000f9f      0x201 ./Drivers/STM32F1xx_HAL_Driver/Src/stm32f1xx_hal.o
 .debug_abbrev  0x000011a0      0x2f8 ./Drivers/STM32F1xx_HAL_Driver/Src/stm32f1xx_hal_cortex.o
 .debug_abbrev  0x00001498      0x250 ./Drivers/STM32F1xx_HAL_Driver/Src/stm32f1xx_hal_flash.o
 .debug_abbrev  0x000016e8      0x247 ./Drivers/STM32F1xx_HAL_Driver/Src/stm32f1xx_hal_flash_ex.o
 .debug_abbrev  0x0000192f      0x1ca ./Drivers/STM32F1xx_HAL_Driver/Src/stm32f1xx_hal_gpio.o
 .debug_abbrev  0x00001af9      0x1f6 ./Drivers/STM32F1xx_HAL_Driver/Src/stm32f1xx_hal_pwr.o
 .debug_abbrev  0x00001cef      0x2b3 ./Drivers/STM32F1xx_HAL_Driver/Src/stm32f1xx_hal_rcc.o
 .debug_abbrev  0x00001fa2      0x2f8 ./Drivers/STM32F1xx_HAL_Driver/Src/stm32f1xx_hal_uart.o

.debug_aranges  0x00000000      0x8e8
 .debug_aranges
                0x00000000       0x40 ./Core/Src/boot.o
 .debug_aranges
                0x00000040       0x30 ./Core/Src/button.o
 .debug_aranges
                0x00000070       0x40 ./Core/Src/flash.o
 .debug_aranges
                0x000000b0       0x20 ./Core/Src/gpio.o
 .debug_aranges
                0x000000d0       0x38 ./Core/Src/main.o
 .debug_aranges
                0x00000108       0x40 ./Core/Src/reset.o
 .debug_aranges
                0x00000148       0x20 ./Core/Src/stm32f1xx_hal_msp.o
 .debug_aranges
                0x00000168       0x68 ./Core/Src/stm32f1xx_it.o
 .debug_aranges
                0x000001d0       0x28 ./Core/Src/system_stm32f1xx.o
 .debug_aranges
                0x000001f8       0x30 ./Core/Src/usart.o
 .debug_aranges
                0x00000228       0x28 ./Core/Startup/startup_stm32f103rbtx.o
 .debug_aranges
                0x00000250       0xe0 ./Drivers/STM32F1xx_HAL_Driver/Src/stm32f1xx_hal.o
 .debug_aranges
                0x00000330      0x100 ./Drivers/STM32F1xx_HAL_Driver/Src/stm32f1xx_hal_cortex.o
 .debug_aranges
                0x00000430       0x88 ./Drivers/STM32F1xx_HAL_Driver/Src/stm32f1xx_hal_flash.o
 .debug_aranges
                0x000004b8       0x98 ./Drivers/STM32F1xx_HAL_Driver/Src/stm32f1xx_hal_flash_ex.o
 .debug_aranges
                0x00000550       0x58 ./Drivers/STM32F1xx_HAL_Driver/Src/stm32f1xx_hal_gpio.o
 .debug_aranges
                0x000005a8       0xa8 ./Drivers/STM32F1xx_HAL_Driver/Src/stm32f1xx_hal_pwr.o
 .debug_aranges
                0x00000650       0x90 ./Drivers/STM32F1xx_HAL_Driver/Src/stm32f1xx_hal_rcc.o
 .debug_aranges
                0x000006e0      0x208 ./Drivers/STM32F1xx_HAL_Driver/Src/stm32f1xx_hal_uart.o

.debug_rnglists
                0x00000000      0x6aa
 .debug_rnglists
                0x00000000       0x2f ./Core/Src/boot.o
 .debug_rnglists
                0x0000002f       0x21 ./Core/Src/button.o
 .debug_rnglists
                0x00000050       0x2e ./Core/Src/flash.o
 .debug_rnglists
                0x0000007e       0x14 ./Core/Src/gpio.o
 .debug_rnglists
                0x00000092       0x27 ./Core/Src/main.o
 .debug_rnglists
                0x000000b9       0x2b ./Core/Src/reset.o
 .debug_rnglists
                0x000000e4       0x13 ./Core/Src/stm32f1xx_hal_msp.o
 .debug_rnglists
                0x000000f7       0x49 ./Core/Src/stm32f1xx_it.o
 .debug_rnglists
                0x00000140       0x1a ./Core/Src/system_stm32f1xx.o
 .debug_rnglists
                0x0000015a       0x1f ./Core/Src/usart.o
 .debug_rnglists
                0x00000179       0x19 ./Core/Startup/startup_stm32f103rbtx.o
 .debug_rnglists
                0x00000192       0xa3 ./Drivers/STM32F1xx_HAL_Driver/Src/stm32f1xx_hal.o
 .debug_rnglists
                0x00000235       0xbb ./Drivers/STM32F1xx_HAL_Driver/Src/stm32f1xx_hal_cortex.o
 .debug_rnglists
                0x000002f0       0x66 ./Drivers/STM32F1xx_HAL_Driver/Src/stm32f1xx_hal_flash.o
 .debug_rnglists
                0x00000356       0x73 ./Drivers/STM32F1xx_HAL_Driver/Src/stm32f1xx_hal_flash_ex.o
 .debug_rnglists
                0x000003c9       0x3f ./Drivers/STM32F1xx_HAL_Driver/Src/stm32f1xx_hal_gpio.o
 .debug_rnglists
                0x00000408       0x7a ./Drivers/STM32F1xx_HAL_Driver/Src/stm32f1xx_hal_pwr.o
 .debug_rnglists
                0x00000482       0x6c ./Drivers/STM32F1xx_HAL_Driver/Src/stm32f1xx_hal_rcc.o
 .debug_rnglists
                0x000004ee      0x1bc ./Drivers/STM32F1xx_HAL_Driver/Src/stm32f1xx_hal_uart.o

.debug_macro    0x00000000    0x17b80
 .debug_macro   0x00000000      0x2eb ./Core/Src/boot.o
 .debug_macro   0x000002eb      0xaa8 ./Core/Src/boot.o
 .debug_macro   0x00000d93      0x215 ./Core/Src/boot.o
 .debug_macro   0x00000fa8       0x2e ./Core/Src/boot.o
 .debug_macro   0x00000fd6       0x22 ./Core/Src/boot.o
 .debug_macro   0x00000ff8       0x22 ./Core/Src/boot.o
 .debug_macro   0x0000101a       0x8e ./Core/Src/boot.o
 .debug_macro   0x000010a8       0x51 ./Core/Src/boot.o
 .debug_macro   0x000010f9      0x103 ./Core/Src/boot.o
 .debug_macro   0x000011fc       0x6a ./Core/Src/boot.o
 .debug_macro   0x00001266      0x1df ./Core/Src/boot.o
 .debug_macro   0x00001445       0x1c ./Core/Src/boot.o
 .debug_macro   0x00001461       0x22 ./Core/Src/boot.o
 .debug_macro   0x00001483       0xbd ./Core/Src/boot.o
 .debug_macro   0x00001540      0xd23 ./Core/Src/boot.o
 .debug_macro   0x00002263     0xe09e ./Core/Src/boot.o
 .debug_macro   0x00010301       0x6d ./Core/Src/boot.o
 .debug_macro   0x0001036e     0x34a2 ./Core/Src/boot.o
 .debug_macro   0x00013810      0x189 ./Core/Src/boot.o
 .debug_macro   0x00013999       0x5c ./Core/Src/boot.o
 .debug_macro   0x000139f5      0x5bc ./Core/Src/boot.o
 .debug_macro   0x00013fb1      0x289 ./Core/Src/boot.o
 .debug_macro   0x0001423a      0x1cb ./Core/Src/boot.o
 .debug_macro   0x00014405      0x114 ./Core/Src/boot.o
 .debug_macro   0x00014519      0x1b2 ./Core/Src/boot.o
 .debug_macro   0x000146cb       0x27 ./Core/Src/boot.o
 .debug_macro   0x000146f2      0x136 ./Core/Src/boot.o
 .debug_macro   0x00014828      0x1bc ./Core/Src/boot.o
 .debug_macro   0x000149e4       0x34 ./Core/Src/boot.o
 .debug_macro   0x00014a18       0x3c ./Core/Src/boot.o
 .debug_macro   0x00014a54       0x57 ./Core/Src/boot.o
 .debug_macro   0x00014aab       0x87 ./Core/Src/boot.o
 .debug_macro   0x00014b32      0x240 ./Core/Src/boot.o
 .debug_macro   0x00014d72      0x140 ./Core/Src/boot.o
 .debug_macro   0x00014eb2      0x28e ./Core/Src/boot.o
 .debug_macro   0x00015140       0x83 ./Core/Src/boot.o
 .debug_macro   0x000151c3       0x5e ./Core/Src/boot.o
 .debug_macro   0x00015221       0x22 ./Core/Src/boot.o
 .debug_macro   0x00015243       0x61 ./Core/Src/boot.o
 .debug_macro   0x000152a4       0x24 ./Core/Src/boot.o
 .debug_macro   0x000152c8       0x43 ./Core/Src/boot.o
 .debug_macro   0x0001530b       0x34 ./Core/Src/boot.o
 .debug_macro   0x0001533f       0x16 ./Core/Src/boot.o
 .debug_macro   0x00015355       0x43 ./Core/Src/boot.o
 .debug_macro   0x00015398       0x34 ./Core/Src/boot.o
 .debug_macro   0x000153cc       0x10 ./Core/Src/boot.o
 .debug_macro   0x000153dc       0x58 ./Core/Src/boot.o
 .debug_macro   0x00015434       0x8e ./Core/Src/boot.o
 .debug_macro   0x000154c2       0x1c ./Core/Src/boot.o
 .debug_macro   0x000154de      0x177 ./Core/Src/boot.o
 .debug_macro   0x00015655      0x369 ./Core/Src/boot.o
 .debug_macro   0x000159be       0x10 ./Core/Src/boot.o
 .debug_macro   0x000159ce       0x35 ./Core/Src/boot.o
 .debug_macro   0x00015a03       0x20 ./Core/Src/boot.o
 .debug_macro   0x00015a23       0x82 ./Core/Src/boot.o
 .debug_macro   0x00015aa5       0x34 ./Core/Src/boot.o
 .debug_macro   0x00015ad9       0x10 ./Core/Src/boot.o
 .debug_macro   0x00015ae9      0x2ac ./Core/Src/button.o
 .debug_macro   0x00015d95      0x2ac ./Core/Src/flash.o
 .debug_macro   0x00016041      0x1a7 ./Core/Src/gpio.o
 .debug_macro   0x000161e8      0x2ef ./Core/Src/main.o
 .debug_macro   0x000164d7      0x2ac ./Core/Src/reset.o
 .debug_macro   0x00016783      0x19d ./Core/Src/stm32f1xx_hal_msp.o
 .debug_macro   0x00016920      0x1a7 ./Core/Src/stm32f1xx_it.o
 .debug_macro   0x00016ac7      0x18e ./Core/Src/system_stm32f1xx.o
 .debug_macro   0x00016c55      0x1a7 ./Core/Src/usart.o
 .debug_macro   0x00016dfc      0x1b2 ./Drivers/STM32F1xx_HAL_Driver/Src/stm32f1xx_hal.o
 .debug_macro   0x00016fae      0x18e ./Drivers/STM32F1xx_HAL_Driver/Src/stm32f1xx_hal_cortex.o
 .debug_macro   0x0001713c      0x18e ./Drivers/STM32F1xx_HAL_Driver/Src/stm32f1xx_hal_flash.o
 .debug_macro   0x000172ca      0x1a0 ./Drivers/STM32F1xx_HAL_Driver/Src/stm32f1xx_hal_flash_ex.o
 .debug_macro   0x0001746a      0x1f9 ./Drivers/STM32F1xx_HAL_Driver/Src/stm32f1xx_hal_gpio.o
 .debug_macro   0x00017663      0x1ee ./Drivers/STM32F1xx_HAL_Driver/Src/stm32f1xx_hal_pwr.o
 .debug_macro   0x00017851      0x1a0 ./Drivers/STM32F1xx_HAL_Driver/Src/stm32f1xx_hal_rcc.o
 .debug_macro   0x000179f1      0x18f ./Drivers/STM32F1xx_HAL_Driver/Src/stm32f1xx_hal_uart.o

.debug_line     0x00000000     0xcc05
 .debug_line    0x00000000      0xc1d ./Core/Src/boot.o
 .debug_line    0x00000c1d      0xa60 ./Core/Src/button.o
 .debug_line    0x0000167d      0xaa2 ./Core/Src/flash.o
 .debug_line    0x0000211f      0x6d7 ./Core/Src/gpio.o
 .debug_line    0x000027f6      0xa8a ./Core/Src/main.o
 .debug_line    0x00003280      0x9b5 ./Core/Src/reset.o
 .debug_line    0x00003c35      0x6bc ./Core/Src/stm32f1xx_hal_msp.o
 .debug_line    0x000042f1      0x796 ./Core/Src/stm32f1xx_it.o
 .debug_line    0x00004a87      0x73a ./Core/Src/system_stm32f1xx.o
 .debug_line    0x000051c1      0x721 ./Core/Src/usart.o
 .debug_line    0x000058e2       0x78 ./Core/Startup/startup_stm32f103rbtx.o
 .debug_line    0x0000595a      0x967 ./Drivers/STM32F1xx_HAL_Driver/Src/stm32f1xx_hal.o
 .debug_line    0x000062c1      0xb53 ./Drivers/STM32F1xx_HAL_Driver/Src/stm32f1xx_hal_cortex.o
 .debug_line    0x00006e14      0xa32 ./Drivers/STM32F1xx_HAL_Driver/Src/stm32f1xx_hal_flash.o
 .debug_line    0x00007846      0xb20 ./Drivers/STM32F1xx_HAL_Driver/Src/stm32f1xx_hal_flash_ex.o
 .debug_line    0x00008366      0xa00 ./Drivers/STM32F1xx_HAL_Driver/Src/stm32f1xx_hal_gpio.o
 .debug_line    0x00008d66      0x8e9 ./Drivers/STM32F1xx_HAL_Driver/Src/stm32f1xx_hal_pwr.o
 .debug_line    0x0000964f      0xd70 ./Drivers/STM32F1xx_HAL_Driver/Src/stm32f1xx_hal_rcc.o
 .debug_line    0x0000a3bf     0x2846 ./Drivers/STM32F1xx_HAL_Driver/Src/stm32f1xx_hal_uart.o

.debug_str      0x00000000    0x82742
 .debug_str     0x00000000    0x7fdf9 ./Core/Src/boot.o
                              0x80164 (size before relaxing)
 .debug_str     0x0007fdf9      0x1a4 ./Core/Src/button.o
                              0x800b8 (size before relaxing)
 .debug_str     0x0007ff9d      0x157 ./Core/Src/flash.o
                              0x800d6 (size before relaxing)
 .debug_str     0x000800f4      0x2b9 ./Core/Src/gpio.o
                              0x7ce4b (size before relaxing)
 .debug_str     0x000803ad      0x228 ./Core/Src/main.o
                              0x8030b (size before relaxing)
 .debug_str     0x000805d5       0x6a ./Core/Src/reset.o
                              0x80003 (size before relaxing)
 .debug_str     0x0008063f       0x50 ./Core/Src/stm32f1xx_hal_msp.o
                              0x7cacc (size before relaxing)
 .debug_str     0x0008068f       0xf7 ./Core/Src/stm32f1xx_it.o
                              0x7cb23 (size before relaxing)
 .debug_str     0x00080786       0x7e ./Core/Src/system_stm32f1xx.o
                              0x7c9b5 (size before relaxing)
 .debug_str     0x00080804      0x3e3 ./Core/Src/usart.o
                              0x7cf8c (size before relaxing)
 .debug_str     0x00080be7       0x44 ./Core/Startup/startup_stm32f103rbtx.o
                                 0x68 (size before relaxing)
 .debug_str     0x00080c2b      0x360 ./Drivers/STM32F1xx_HAL_Driver/Src/stm32f1xx_hal.o
                              0x7d0e8 (size before relaxing)
 .debug_str     0x00080f8b      0x22e ./Drivers/STM32F1xx_HAL_Driver/Src/stm32f1xx_hal_cortex.o
                              0x7d034 (size before relaxing)
 .debug_str     0x000811b9      0x253 ./Drivers/STM32F1xx_HAL_Driver/Src/stm32f1xx_hal_flash.o
                              0x7cc90 (size before relaxing)
 .debug_str     0x0008140c      0x314 ./Drivers/STM32F1xx_HAL_Driver/Src/stm32f1xx_hal_flash_ex.o
                              0x7ce3e (size before relaxing)
 .debug_str     0x00081720      0x2bc ./Drivers/STM32F1xx_HAL_Driver/Src/stm32f1xx_hal_gpio.o
                              0x7cd3b (size before relaxing)
 .debug_str     0x000819dc      0x4f5 ./Drivers/STM32F1xx_HAL_Driver/Src/stm32f1xx_hal_pwr.o
                              0x7ceec (size before relaxing)
 .debug_str     0x00081ed1      0x20e ./Drivers/STM32F1xx_HAL_Driver/Src/stm32f1xx_hal_rcc.o
                              0x7cde4 (size before relaxing)
 .debug_str     0x000820df      0x663 ./Drivers/STM32F1xx_HAL_Driver/Src/stm32f1xx_hal_uart.o
                              0x7d455 (size before relaxing)

.comment        0x00000000       0x43
 .comment       0x00000000       0x43 ./Core/Src/boot.o
                                 0x44 (size before relaxing)
 .comment       0x00000043       0x44 ./Core/Src/button.o
 .comment       0x00000043       0x44 ./Core/Src/flash.o
 .comment       0x00000043       0x44 ./Core/Src/gpio.o
 .comment       0x00000043       0x44 ./Core/Src/main.o
 .comment       0x00000043       0x44 ./Core/Src/reset.o
 .comment       0x00000043       0x44 ./Core/Src/stm32f1xx_hal_msp.o
 .comment       0x00000043       0x44 ./Core/Src/stm32f1xx_it.o
 .comment       0x00000043       0x44 ./Core/Src/system_stm32f1xx.o
 .comment       0x00000043       0x44 ./Core/Src/usart.o
 .comment       0x00000043       0x44 ./Drivers/STM32F1xx_HAL_Driver/Src/stm32f1xx_hal.o
 .comment       0x00000043       0x44 ./Drivers/STM32F1xx_HAL_Driver/Src/stm32f1xx_hal_cortex.o
 .comment       0x00000043       0x44 ./Drivers/STM32F1xx_HAL_Driver/Src/stm32f1xx_hal_flash.o
 .comment       0x00000043       0x44 ./Drivers/STM32F1xx_HAL_Driver/Src/stm32f1xx_hal_flash_ex.o
 .comment       0x00000043       0x44 ./Drivers/STM32F1xx_HAL_Driver/Src/stm32f1xx_hal_gpio.o
 .comment       0x00000043       0x44 ./Drivers/STM32F1xx_HAL_Driver/Src/stm32f1xx_hal_pwr.o
 .comment       0x00000043       0x44 ./Drivers/STM32F1xx_HAL_Driver/Src/stm32f1xx_hal_rcc.o
 .comment       0x00000043       0x44 ./Drivers/STM32F1xx_HAL_Driver/Src/stm32f1xx_hal_uart.o

.debug_frame    0x00000000     0x2104
 .debug_frame   0x00000000       0xd0 ./Core/Src/boot.o
 .debug_frame   0x000000d0       0x7c ./Core/Src/button.o
 .debug_frame   0x0000014c       0xd0 ./Core/Src/flash.o
 .debug_frame   0x0000021c       0x34 ./Core/Src/gpio.o
 .debug_frame   0x00000250       0x90 ./Core/Src/main.o
 .debug_frame   0x000002e0       0xb4 ./Core/Src/reset.o
 .debug_frame   0x00000394       0x38 ./Core/Src/stm32f1xx_hal_msp.o
 .debug_frame   0x000003cc      0x120 ./Core/Src/stm32f1xx_it.o
 .debug_frame   0x000004ec       0x58 ./Core/Src/system_stm32f1xx.o
 .debug_frame   0x00000544       0x74 ./Core/Src/usart.o
 .debug_frame   0x000005b8      0x334 ./Drivers/STM32F1xx_HAL_Driver/Src/stm32f1xx_hal.o
 .debug_frame   0x000008ec      0x428 ./Drivers/STM32F1xx_HAL_Driver/Src/stm32f1xx_hal_cortex.o
 .debug_frame   0x00000d14      0x20c ./Drivers/STM32F1xx_HAL_Driver/Src/stm32f1xx_hal_flash.o
 .debug_frame   0x00000f20      0x258 ./Drivers/STM32F1xx_HAL_Driver/Src/stm32f1xx_hal_flash_ex.o
 .debug_frame   0x00001178      0x14c ./Drivers/STM32F1xx_HAL_Driver/Src/stm32f1xx_hal_gpio.o
 .debug_frame   0x000012c4      0x270 ./Drivers/STM32F1xx_HAL_Driver/Src/stm32f1xx_hal_pwr.o
 .debug_frame   0x00001534      0x218 ./Drivers/STM32F1xx_HAL_Driver/Src/stm32f1xx_hal_rcc.o
 .debug_frame   0x0000174c      0x944 ./Drivers/STM32F1xx_HAL_Driver/Src/stm32f1xx_hal_uart.o
 .debug_frame   0x00002090       0x20 C:/Users/USER/STM32CubeIDE_1.17.0/STM32CubeIDE/plugins/com.st.stm32cube.ide.mcu.externaltools.gnu-tools-for-stm32.12.3.rel1.win32_1.1.0.202410251130/tools/bin/../lib/gcc/arm-none-eabi/12.3.1/../../../../arm-none-eabi/lib/thumb/v7-m/nofp\libc_nano.a(libc_a-memset.o)
 .debug_frame   0x000020b0       0x2c C:/Users/USER/STM32CubeIDE_1.17.0/STM32CubeIDE/plugins/com.st.stm32cube.ide.mcu.externaltools.gnu-tools-for-stm32.12.3.rel1.win32_1.1.0.202410251130/tools/bin/../lib/gcc/arm-none-eabi/12.3.1/../../../../arm-none-eabi/lib/thumb/v7-m/nofp\libc_nano.a(libc_a-init.o)
 .debug_frame   0x000020dc       0x28 C:/Users/USER/STM32CubeIDE_1.17.0/STM32CubeIDE/plugins/com.st.stm32cube.ide.mcu.externaltools.gnu-tools-for-stm32.12.3.rel1.win32_1.1.0.202410251130/tools/bin/../lib/gcc/arm-none-eabi/12.3.1/../../../../arm-none-eabi/lib/thumb/v7-m/nofp\libc_nano.a(libc_a-memcpy-stub.o)

.debug_line_str
                0x00000000       0x4c
 .debug_line_str
                0x00000000       0x4c ./Core/Startup/startup_stm32f103rbtx.o
